Archive member included to satisfy reference by file (symbol)

app/libapp.a(main.c.obj)      (--whole-archive)
zephyr/libzephyr.a(validate_libc.c.obj)
                              (--whole-archive)
zephyr/libzephyr.a(heap.c.obj)
                              (--whole-archive)
zephyr/libzephyr.a(cbprintf_packaged.c.obj)
                              (--whole-archive)
zephyr/libzephyr.a(clock.c.obj)
                              (--whole-archive)
zephyr/libzephyr.a(printk.c.obj)
                              (--whole-archive)
zephyr/libzephyr.a(sem.c.obj)
                              (--whole-archive)
zephyr/libzephyr.a(thread_entry.c.obj)
                              (--whole-archive)
zephyr/libzephyr.a(cbprintf_complete.c.obj)
                              (--whole-archive)
zephyr/libzephyr.a(assert.c.obj)
                              (--whole-archive)
zephyr/libzephyr.a(dec.c.obj)
                              (--whole-archive)
zephyr/libzephyr.a(hex.c.obj)
                              (--whole-archive)
zephyr/libzephyr.a(rb.c.obj)  (--whole-archive)
zephyr/libzephyr.a(set.c.obj)
                              (--whole-archive)
zephyr/libzephyr.a(timeutil.c.obj)
                              (--whole-archive)
zephyr/libzephyr.a(bitarray.c.obj)
                              (--whole-archive)
zephyr/libzephyr.a(bitmask.c.obj)
                              (--whole-archive)
zephyr/libzephyr.a(getopt.c.obj)
                              (--whole-archive)
zephyr/libzephyr.a(getopt_common.c.obj)
                              (--whole-archive)
zephyr/libzephyr.a(onoff.c.obj)
                              (--whole-archive)
zephyr/libzephyr.a(notify.c.obj)
                              (--whole-archive)
zephyr/libzephyr.a(ring_buffer.c.obj)
                              (--whole-archive)
zephyr/libzephyr.a(last_section_id.c.obj)
                              (--whole-archive)
zephyr/libzephyr.a(configs.c.obj)
                              (--whole-archive)
zephyr/libzephyr.a(thread_info.c.obj)
                              (--whole-archive)
zephyr/libzephyr.a(mem_attr.c.obj)
                              (--whole-archive)
zephyr/libzephyr.a(device.c.obj)
                              (--whole-archive)
zephyr/libzephyr.a(device_runtime.c.obj)
                              (--whole-archive)
zephyr/libzephyr.a(random_psa.c.obj)
                              (--whole-archive)
zephyr/libzephyr.a(tracing_none.c.obj)
                              (--whole-archive)
zephyr/libzephyr.a(banner.c.obj)
                              (--whole-archive)
zephyr/arch/common/libarch__common.a(sw_isr_common.c.obj)
                              (--whole-archive)
zephyr/arch/common/libarch__common.a(init.c.obj)
                              (--whole-archive)
zephyr/arch/common/libarch__common.a(xip.c.obj)
                              (--whole-archive)
zephyr/arch/arch/arm/core/libarch__arm__core.a(fatal.c.obj)
                              (--whole-archive)
zephyr/arch/arch/arm/core/libarch__arm__core.a(nmi.c.obj)
                              (--whole-archive)
zephyr/arch/arch/arm/core/libarch__arm__core.a(nmi_on_reset.S.obj)
                              (--whole-archive)
zephyr/arch/arch/arm/core/libarch__arm__core.a(tls.c.obj)
                              (--whole-archive)
zephyr/arch/arch/arm/core/cortex_m/libarch__arm__core__cortex_m.a(fault.c.obj)
                              (--whole-archive)
zephyr/arch/arch/arm/core/cortex_m/libarch__arm__core__cortex_m.a(fault_s.S.obj)
                              (--whole-archive)
zephyr/arch/arch/arm/core/cortex_m/libarch__arm__core__cortex_m.a(fpu.c.obj)
                              (--whole-archive)
zephyr/arch/arch/arm/core/cortex_m/libarch__arm__core__cortex_m.a(reset.S.obj)
                              (--whole-archive)
zephyr/arch/arch/arm/core/cortex_m/libarch__arm__core__cortex_m.a(scb.c.obj)
                              (--whole-archive)
zephyr/arch/arch/arm/core/cortex_m/libarch__arm__core__cortex_m.a(vector_table.S.obj)
                              (--whole-archive)
zephyr/arch/arch/arm/core/cortex_m/libarch__arm__core__cortex_m.a(svc.S.obj)
                              (--whole-archive)
zephyr/arch/arch/arm/core/cortex_m/libarch__arm__core__cortex_m.a(irq_manage.c.obj)
                              (--whole-archive)
zephyr/arch/arch/arm/core/cortex_m/libarch__arm__core__cortex_m.a(prep_c.c.obj)
                              (--whole-archive)
zephyr/arch/arch/arm/core/cortex_m/libarch__arm__core__cortex_m.a(thread.c.obj)
                              (--whole-archive)
zephyr/arch/arch/arm/core/cortex_m/libarch__arm__core__cortex_m.a(cpu_idle.c.obj)
                              (--whole-archive)
zephyr/arch/arch/arm/core/cortex_m/libarch__arm__core__cortex_m.a(exc_exit.c.obj)
                              (--whole-archive)
zephyr/arch/arch/arm/core/cortex_m/libarch__arm__core__cortex_m.a(thread_abort.c.obj)
                              (--whole-archive)
[...]
Memory Configuration

Name             Origin             Length             Attributes
FLASH            0x00000000         0x0017d000         xr
RAM              0x20000000         0x00040000         xw
IDT_LIST         0xffff7fff         0x00008000         xw
*default*        0x00000000         0xffffffff

Linker script and memory map

                0x00005130                        vfprintf = __l_vfprintf
                0x00000000                        vfscanf = __l_vfscanf
LOAD zephyr/CMakeFiles/zephyr_pre0.dir/misc/empty_file.c.obj
LOAD zephyr/CMakeFiles/offsets.dir/./arch/arm/core/offsets/offsets.c.obj
LOAD app/libapp.a
LOAD zephyr/libzephyr.a
LOAD zephyr/arch/common/libarch__common.a
LOAD zephyr/arch/arch/arm/core/libarch__arm__core.a
LOAD zephyr/arch/arch/arm/core/cortex_m/libarch__arm__core__cortex_m.a
LOAD zephyr/arch/arch/arm/core/cortex_m/cmse/libarch__arm__core__cortex_m__cmse.a
LOAD zephyr/arch/arch/arm/core/mpu/libarch__arm__core__mpu.a
LOAD zephyr/lib/libc/picolibc/liblib__libc__picolibc.a
LOAD zephyr/lib/libc/common/liblib__libc__common.a
LOAD zephyr/lib/posix/c_lib_ext/liblib__posix__c_lib_ext.a
LOAD zephyr/soc/soc/nrf54l15/libsoc__nordic.a
LOAD zephyr/drivers/cache/libdrivers__cache.a
LOAD zephyr/drivers/clock_control/libdrivers__clock_control.a
LOAD zephyr/drivers/gpio/libdrivers__gpio.a
LOAD zephyr/drivers/pinctrl/libdrivers__pinctrl.a
LOAD zephyr/drivers/serial/libdrivers__serial.a
LOAD zephyr/drivers/timer/libdrivers__timer.a
LOAD modules/nrf/subsys/nrf_security/src/zephyr/libmbedtls_zephyr.a
LOAD modules/hal_nordic/modules/hal_nordic/nrfx/libnrfx.a
LOAD zephyr/kernel/libkernel.a
LOAD modules/nrf/subsys/nrf_security/src/libmbedcrypto.a
LOAD modules/nrf/subsys/nrf_security/src/core/nrf_oberon/libpsa_core.a
LOAD modules/nrf/subsys/nrf_security/src/drivers/cracen/libcracen_psa_driver.a
LOAD modules/nrf/subsys/nrf_security/src/libnrf_security_utils.a
LOAD zephyr/kernel/libkernel.a
LOAD zephyr/arch/common/libisr_tables.a
LOAD C:/Nordic/NCS/toolchains/dcbdc366a1/opt/zephyr-sdk/gnu/arm-zephyr-eabi/bin/../lib/gcc/arm-zephyr-eabi/14.3.0/../../../../arm-zephyr-eabi/lib/thumb/v8-m.main/nofp/space\libc.a
LOAD C:/Nordic/NCS/toolchains/dcbdc366a1/opt/zephyr-sdk/gnu/arm-zephyr-eabi/bin/../lib/gcc/arm-zephyr-eabi/14.3.0/thumb/v8-m.main/nofp/space\libgcc.a
                0x00000020                        _region_min_align = 0x20

.rel.plt        0x00000000        0x0
 *(SORT_BY_ALIGNMENT(.rel.plt))
                [!provide]                        PROVIDE (__rel_iplt_start = .)
 *(SORT_BY_ALIGNMENT(.rel.iplt))
 .rel.iplt      0x00000000        0x0 app/libapp.a(main.c.obj)
                [!provide]                        PROVIDE (__rel_iplt_end = .)

.rela.plt       0x00000000        0x0
 *(SORT_BY_ALIGNMENT(.rela.plt))
                [!provide]                        PROVIDE (__rela_iplt_start = .)
 *(SORT_BY_ALIGNMENT(.rela.iplt))
                [!provide]                        PROVIDE (__rela_iplt_end = .)

.rel.dyn
 *(SORT_BY_ALIGNMENT(.rel.*))

.rela.dyn
 *(SORT_BY_ALIGNMENT(.rela.*))

/DISCARD/
 *(SORT_BY_ALIGNMENT(.plt))

/DISCARD/
 *(SORT_BY_ALIGNMENT(.iplt))
                0x00000000                        __rom_region_start = 0x0

rom_start       0x00000000      0x47c
                0x00000000                        __rom_start_address = .
 FILL mask 0x00
                0x00000000                        . = (. + (0x0 - (. - __rom_start_address)))
                0x00000000                        . = ALIGN (0x4)
                0x00000000                        . = ALIGN (0x80)
                0x00000000                        . = ALIGN (0x800)
                0x00000000                        _vector_start = .
 *(SORT_BY_ALIGNMENT(.exc_vector_table))
 *(SORT_BY_ALIGNMENT(.exc_vector_table.*))
 .exc_vector_table._vector_table_section
                0x00000000       0x40 zephyr/arch/arch/arm/core/cortex_m/libarch__arm__core__cortex_m.a(vector_table.S.obj)
                0x00000000                _vector_table
 *(SORT_BY_ALIGNMENT(.vectors))
                0x0000047c                        _vector_end = .
                0x00000040                        . = ALIGN (0x4)
 *(SORT_BY_ALIGNMENT(.gnu.linkonce.irq_vector_table*))
 .gnu.linkonce.irq_vector_table
                0x00000040      0x43c zephyr/arch/common/libisr_tables.a(isr_tables.c.obj)
                0x00000040                _irq_vector_table
                0x0000047c                        _vector_end = .

text            0x0000047c     0x6c00
                0x0000047c                        __text_region_start = .
 *(SORT_BY_ALIGNMENT(.text))
 .text          0x0000047c       0x30 C:/Nordic/NCS/toolchains/dcbdc366a1/opt/zephyr-sdk/gnu/arm-zephyr-eabi/bin/../lib/gcc/arm-zephyr-eabi/14.3.0/thumb/v8-m.main/nofp/space\libgcc.a(_aeabi_uldivmod.o)
                0x0000047c                __aeabi_uldivmod
 .text          0x000004ac        0x4 C:/Nordic/NCS/toolchains/dcbdc366a1/opt/zephyr-sdk/gnu/arm-zephyr-eabi/bin/../lib/gcc/arm-zephyr-eabi/14.3.0/thumb/v8-m.main/nofp/space\libgcc.a(_dvmd_tls.o)
                0x000004ac                __aeabi_idiv0
                0x000004ac                __aeabi_ldiv0
 .text          0x000004b0      0x2ba C:/Nordic/NCS/toolchains/dcbdc366a1/opt/zephyr-sdk/gnu/arm-zephyr-eabi/bin/../lib/gcc/arm-zephyr-eabi/14.3.0/thumb/v8-m.main/nofp/space\libgcc.a(_udivmoddi4.o)
                0x000004b0                __udivmoddi4
 *(SORT_BY_ALIGNMENT(.text.*))
 *fill*         0x0000076a        0x2 
 .text.gpio_pin_set_dt.constprop.0.isra.0
                0x0000076c       0x28 app/libapp.a(main.c.obj)
 .text.main     0x00000794      0x100 app/libapp.a(main.c.obj)
                0x00000794                main
 .text.char_out
                0x00000894        0xc zephyr/libzephyr.a(printk.c.obj)
 .text.vprintk  0x000008a0       0x30 zephyr/libzephyr.a(printk.c.obj)
                0x000008a0                vprintk
 .text.z_thread_entry
                0x000008d0       0x34 zephyr/libzephyr.a(thread_entry.c.obj)
                0x000008d0                z_thread_entry
 .text.process_event
                0x00000904      0x1e8 zephyr/libzephyr.a(onoff.c.obj)
 .text.mem_attr_get_regions
                0x00000aec        0xc zephyr/libzephyr.a(mem_attr.c.obj)
                0x00000aec                mem_attr_get_regions
 .text.k_is_pre_kernel
                0x00000af8       0x10 zephyr/libzephyr.a(device_runtime.c.obj)
 .text.pm_device_runtime_enable
                0x00000b08       0xdc zephyr/libzephyr.a(device_runtime.c.obj)
                0x00000b08                pm_device_runtime_enable
 .text.ncs_boot_banner
                0x00000be4       0x1c zephyr/libzephyr.a(banner.c.obj)
 .text.arch_bss_zero
                0x00000c00       0x18 zephyr/arch/common/libarch__common.a(init.c.obj)
                0x00000c00                arch_bss_zero
 .text.arch_data_copy
                0x00000c18       0x38 zephyr/arch/common/libarch__common.a(xip.c.obj)
                0x00000c18                arch_data_copy
 .text.z_arm_fatal_error
                0x00000c50       0x60 zephyr/arch/arch/arm/core/libarch__arm__core.a(fatal.c.obj)
                0x00000c50                z_arm_fatal_error
 .text.z_SysNmiOnReset
                0x00000cb0        0x8 zephyr/arch/arch/arm/core/libarch__arm__core.a(nmi_on_reset.S.obj)
                0x00000cb0                z_SysNmiOnReset
 .text.arch_tls_stack_setup
                0x00000cb8       0x40 zephyr/arch/arch/arm/core/libarch__arm__core.a(tls.c.obj)
                0x00000cb8                arch_tls_stack_setup
 .text.usage_fault.isra.0
                0x00000cf8       0xa8 zephyr/arch/arch/arm/core/cortex_m/libarch__arm__core__cortex_m.a(fault.c.obj)
 .text.bus_fault.isra.0
                0x00000da0       0xb8 zephyr/arch/arch/arm/core/cortex_m/libarch__arm__core__cortex_m.a(fault.c.obj)
 .text.mem_manage_fault.isra.0
                0x00000e58       0xbc zephyr/arch/arch/arm/core/cortex_m/libarch__arm__core__cortex_m.a(fault.c.obj)
 .text.z_arm_fault
                0x00000f14      0x1a8 zephyr/arch/arch/arm/core/cortex_m/libarch__arm__core__cortex_m.a(fault.c.obj)
                0x00000f14                z_arm_fault
 .text.z_arm_fault_init
                0x000010bc       0x20 zephyr/arch/arch/arm/core/cortex_m/libarch__arm__core__cortex_m.a(fault.c.obj)
                0x000010bc                z_arm_fault_init
 .text.__fault  0x000010dc       0x14 zephyr/arch/arch/arm/core/cortex_m/libarch__arm__core__cortex_m.a(fault_s.S.obj)
                0x000010dc                z_arm_usage_fault
                0x000010dc                z_arm_mpu_fault
                0x000010dc                z_arm_exc_spurious
                0x000010dc                z_arm_debug_monitor
                0x000010dc                z_arm_hard_fault
                0x000010dc                z_arm_bus_fault
 .text._reset_section
                0x000010f0       0x68 zephyr/arch/arch/arm/core/cortex_m/libarch__arm__core__cortex_m.a(reset.S.obj)
                0x000010f0                __start
                0x000010f0                z_arm_reset
 .text.z_arm_clear_arm_mpu_config
                0x00001158       0x24 zephyr/arch/arch/arm/core/cortex_m/libarch__arm__core__cortex_m.a(scb.c.obj)
                0x00001158                z_arm_clear_arm_mpu_config
 .text.z_arm_init_arch_hw_at_boot
                0x0000117c       0x4c zephyr/arch/arch/arm/core/cortex_m/libarch__arm__core__cortex_m.a(scb.c.obj)
                0x0000117c                z_arm_init_arch_hw_at_boot
 .text.z_arm_svc
                0x000011c8       0x24 zephyr/arch/arch/arm/core/cortex_m/libarch__arm__core__cortex_m.a(svc.S.obj)
                0x000011c8                z_arm_svc
 .text.arm_irq_enable
                0x000011ec       0x1c zephyr/arch/arch/arm/core/cortex_m/libarch__arm__core__cortex_m.a(irq_manage.c.obj)
                0x000011ec                arm_irq_enable
 .text.arm_irq_disable
                0x00001208       0x28 zephyr/arch/arch/arm/core/cortex_m/libarch__arm__core__cortex_m.a(irq_manage.c.obj)
                0x00001208                arm_irq_disable
 .text.arm_irq_is_enabled
                0x00001230       0x1c zephyr/arch/arch/arm/core/cortex_m/libarch__arm__core__cortex_m.a(irq_manage.c.obj)
                0x00001230                arm_irq_is_enabled
 .text.arm_irq_priority_set
                0x0000124c       0x2c zephyr/arch/arch/arm/core/cortex_m/libarch__arm__core__cortex_m.a(irq_manage.c.obj)
                0x0000124c                arm_irq_priority_set
 .text.relocate_vector_table
                0x00001278       0x1c zephyr/arch/arch/arm/core/cortex_m/libarch__arm__core__cortex_m.a(prep_c.c.obj)
                0x00001278                relocate_vector_table
 .text.z_prep_c
                0x00001294       0x28 zephyr/arch/arch/arm/core/cortex_m/libarch__arm__core__cortex_m.a(prep_c.c.obj)
                0x00001294                z_prep_c
 .text.arch_new_thread
                0x000012bc       0x38 zephyr/arch/arch/arm/core/cortex_m/libarch__arm__core__cortex_m.a(thread.c.obj)
                0x000012bc                arch_new_thread
 .text.arch_switch_to_main_thread
                0x000012f4       0x44 zephyr/arch/arch/arm/core/cortex_m/libarch__arm__core__cortex_m.a(thread.c.obj)
                0x000012f4                arch_switch_to_main_thread
 .text.z_arm_cpu_idle_init
                0x00001338        0xc zephyr/arch/arch/arm/core/cortex_m/libarch__arm__core__cortex_m.a(cpu_idle.c.obj)
                0x00001338                z_arm_cpu_idle_init
 .text._HandlerModeExit
                0x00001344       0x20 zephyr/arch/arch/arm/core/cortex_m/libarch__arm__core__cortex_m.a(exc_exit.c.obj)
                0x00001344                z_arm_int_exit
                0x00001344                z_arm_exc_exit
 .text.z_impl_k_thread_abort
                0x00001364       0x2c zephyr/arch/arch/arm/core/cortex_m/libarch__arm__core__cortex_m.a(thread_abort.c.obj)
                0x00001364                z_impl_k_thread_abort
 .text.z_arm_pendsv
                0x00001390       0x68 zephyr/arch/arch/arm/core/cortex_m/libarch__arm__core__cortex_m.a(swap_helper.S.obj)
                0x00001390                z_arm_pendsv
 .text.z_arm_interrupt_init
                0x000013f8       0x20 zephyr/arch/arch/arm/core/cortex_m/libarch__arm__core__cortex_m.a(irq_init.c.obj)
                0x000013f8                z_arm_interrupt_init
 .text._isr_wrapper
                0x00001418       0x24 zephyr/arch/arch/arm/core/cortex_m/libarch__arm__core__cortex_m.a(isr_wrapper.c.obj)
                0x00001418                _isr_wrapper
 .text.__aeabi_read_tp
                0x0000143c        0xc zephyr/arch/arch/arm/core/cortex_m/libarch__arm__core__cortex_m.a(__aeabi_read_tp.S.obj)
                0x0000143c                __aeabi_read_tp
 .text.z_arm_configure_static_mpu_regions
                0x00001448       0x3c zephyr/arch/arch/arm/core/mpu/libarch__arm__core__mpu.a(arm_core_mpu.c.obj)
                0x00001448                z_arm_configure_static_mpu_regions
 .text.region_init
                0x00001484       0x30 zephyr/arch/arch/arm/core/mpu/libarch__arm__core__mpu.a(arm_mpu.c.obj)
 .text.region_allocate_and_init
                0x000014b4       0x24 zephyr/arch/arch/arm/core/mpu/libarch__arm__core__mpu.a(arm_mpu.c.obj)
 .text.mpu_configure_regions_and_partition.constprop.0
                0x000014d8      0x140 zephyr/arch/arch/arm/core/mpu/libarch__arm__core__mpu.a(arm_mpu.c.obj)
 .text.arm_core_mpu_enable
                0x00001618       0x18 zephyr/arch/arch/arm/core/mpu/libarch__arm__core__mpu.a(arm_mpu.c.obj)
                0x00001618                arm_core_mpu_enable
 .text.arm_core_mpu_disable
                0x00001630       0x14 zephyr/arch/arch/arm/core/mpu/libarch__arm__core__mpu.a(arm_mpu.c.obj)
                0x00001630                arm_core_mpu_disable
 .text.arm_core_mpu_configure_static_mpu_regions
                0x00001644       0x14 zephyr/arch/arch/arm/core/mpu/libarch__arm__core__mpu.a(arm_mpu.c.obj)
                0x00001644                arm_core_mpu_configure_static_mpu_regions
 .text.arm_core_mpu_mark_areas_for_dynamic_regions
                0x00001658       0xb8 zephyr/arch/arch/arm/core/mpu/libarch__arm__core__mpu.a(arm_mpu.c.obj)
                0x00001658                arm_core_mpu_mark_areas_for_dynamic_regions
 .text.z_arm_mpu_init
                0x00001710      0x164 zephyr/arch/arch/arm/core/mpu/libarch__arm__core__mpu.a(arm_mpu.c.obj)
                0x00001710                z_arm_mpu_init
 .text.malloc_prepare
                0x00001874       0x24 zephyr/lib/libc/common/liblib__libc__common.a(malloc.c.obj)
 .text.nordicsemi_nrf54l_init
                0x00001898       0xa8 zephyr/soc/soc/nrf54l15/libsoc__nordic.a(soc.c.obj)
                0x00001898                nordicsemi_nrf54l_init
 .text.arch_busy_wait
                0x00001940       0x24 zephyr/soc/soc/nrf54l15/libsoc__nordic.a(soc.c.obj)
                0x00001940                arch_busy_wait
 .text.cache_instr_enable
                0x00001964       0x10 zephyr/drivers/cache/libdrivers__cache.a(cache_nrf.c.obj)
                0x00001964                cache_instr_enable
 .text.onoff_stop
                0x00001974       0x30 zephyr/drivers/clock_control/libdrivers__clock_control.a(clock_control_nrf.c.obj)
 .text.onoff_start
                0x000019a4       0x44 zephyr/drivers/clock_control/libdrivers__clock_control.a(clock_control_nrf.c.obj)
 .text.clk_init
                0x000019e8       0x58 zephyr/drivers/clock_control/libdrivers__clock_control.a(clock_control_nrf.c.obj)
 .text.api_blocking_start
                0x00001a40       0x30 zephyr/drivers/clock_control/libdrivers__clock_control.a(clock_control_nrf.c.obj)
 .text.generic_hfclk_stop
                0x00001a70       0x34 zephyr/drivers/clock_control/libdrivers__clock_control.a(clock_control_nrf.c.obj)
 .text.clkstarted_handle.constprop.0
                0x00001aa4       0x4c zephyr/drivers/clock_control/libdrivers__clock_control.a(clock_control_nrf.c.obj)
 .text.generic_hfclk_start
                0x00001af0       0x78 zephyr/drivers/clock_control/libdrivers__clock_control.a(clock_control_nrf.c.obj)
 .text.clock_event_handler
                0x00001b68       0x20 zephyr/drivers/clock_control/libdrivers__clock_control.a(clock_control_nrf.c.obj)
 .text.z_nrf_clock_control_lf_on
                0x00001b88       0xf8 zephyr/drivers/clock_control/libdrivers__clock_control.a(clock_control_nrf.c.obj)
                0x00001b88                z_nrf_clock_control_lf_on
 .text.gpio_nrfx_init
                0x00001c80       0x58 zephyr/drivers/gpio/libdrivers__gpio.a(gpio_nrfx.c.obj)
 .text.gpio_nrfx_pin_configure
                0x00001cd8      0x17c zephyr/drivers/gpio/libdrivers__gpio.a(gpio_nrfx.c.obj)
 .text.nrfx_gpio_handler
                0x00001e54       0x58 zephyr/drivers/gpio/libdrivers__gpio.a(gpio_nrfx.c.obj)
 .text.gpio_nrfx_pin_interrupt_configure
                0x00001eac      0x104 zephyr/drivers/gpio/libdrivers__gpio.a(gpio_nrfx.c.obj)
 .text.nrf_gpio_pin_port_decode
                0x00001fb0       0x20 zephyr/drivers/pinctrl/libdrivers__pinctrl.a(pinctrl_nrf.c.obj)
 .text.pinctrl_configure_pins
                0x00001fd0      0x17c zephyr/drivers/pinctrl/libdrivers__pinctrl.a(pinctrl_nrf.c.obj)
                0x00001fd0                pinctrl_configure_pins
 .text.uarte_instance_init.constprop.0
                0x0000214c       0x7c zephyr/drivers/serial/libdrivers__serial.a(uart_nrfx_uarte.c.obj)
 .text.uarte_nrfx_poll_out
                0x000021c8       0xe4 zephyr/drivers/serial/libdrivers__serial.a(uart_nrfx_uarte.c.obj)
 .text.sys_clock_timeout_handler
                0x000022ac       0x4c zephyr/drivers/timer/libdrivers__timer.a(nrf_grtc_timer.c.obj)
 .text.sys_clock_driver_init
                0x000022f8       0x88 zephyr/drivers/timer/libdrivers__timer.a(nrf_grtc_timer.c.obj)
 .text.sys_clock_elapsed
                0x00002380       0x28 zephyr/drivers/timer/libdrivers__timer.a(nrf_grtc_timer.c.obj)
                0x00002380                sys_clock_elapsed
 .text.sys_clock_set_timeout
                0x000023a8       0xa0 zephyr/drivers/timer/libdrivers__timer.a(nrf_grtc_timer.c.obj)
                0x000023a8                sys_clock_set_timeout
 .text.nrf54l_errata_31
                0x00002448       0x20 modules/hal_nordic/modules/hal_nordic/nrfx/libnrfx.a(system_nrf54l.c.obj)
 .text.nrf54l_handle_approtect_signal
                0x00002468       0x34 modules/hal_nordic/modules/hal_nordic/nrfx/libnrfx.a(system_nrf54l.c.obj)
 .text.SystemInit
                0x0000249c      0x134 modules/hal_nordic/modules/hal_nordic/nrfx/libnrfx.a(system_nrf54l.c.obj)
                0x0000249c                SystemInit
 .text.xo_event_handler
                0x000025d0        0xc modules/hal_nordic/modules/hal_nordic/nrfx/libnrfx.a(nrfx_clock.c.obj)
 .text.nrfx_clock_init
                0x000025dc       0x40 modules/hal_nordic/modules/hal_nordic/nrfx/libnrfx.a(nrfx_clock.c.obj)
                0x000025dc                nrfx_clock_init
 .text.nrfx_clock_enable
                0x0000261c       0x24 modules/hal_nordic/modules/hal_nordic/nrfx/libnrfx.a(nrfx_clock.c.obj)
                0x0000261c                nrfx_clock_enable
 .text.clock_stop
                0x00002640       0x34 modules/hal_nordic/modules/hal_nordic/nrfx/libnrfx.a(nrfx_clock_lfclk.c.obj)
 .text.nrfx_clock_lfclk_init
                0x00002674       0x24 modules/hal_nordic/modules/hal_nordic/nrfx/libnrfx.a(nrfx_clock_lfclk.c.obj)
                0x00002674                nrfx_clock_lfclk_init
 .text.nrfx_clock_lfclk_start
                0x00002698       0x80 modules/hal_nordic/modules/hal_nordic/nrfx/libnrfx.a(nrfx_clock_lfclk.c.obj)
                0x00002698                nrfx_clock_lfclk_start
 .text.nrfx_clock_lfclk_irq_handler
                0x00002718       0x70 modules/hal_nordic/modules/hal_nordic/nrfx/libnrfx.a(nrfx_clock_lfclk.c.obj)
                0x00002718                nrfx_clock_lfclk_irq_handler
 .text.clock_stop
                0x00002788       0x54 modules/hal_nordic/modules/hal_nordic/nrfx/libnrfx.a(nrfx_clock_xo.c.obj)
 .text.nrfx_clock_xo_init
                0x000027dc       0x1c modules/hal_nordic/modules/hal_nordic/nrfx/libnrfx.a(nrfx_clock_xo.c.obj)
                0x000027dc                nrfx_clock_xo_init
 .text.nrfx_clock_xo_start
                0x000027f8       0x68 modules/hal_nordic/modules/hal_nordic/nrfx/libnrfx.a(nrfx_clock_xo.c.obj)
                0x000027f8                nrfx_clock_xo_start
 .text.nrfx_clock_xo_irq_handler
                0x00002860       0x74 modules/hal_nordic/modules/hal_nordic/nrfx/libnrfx.a(nrfx_clock_xo.c.obj)
                0x00002860                nrfx_clock_xo_irq_handler
 .text.nrf_gpio_pin_port_decode
                0x000028d4       0x20 modules/hal_nordic/modules/hal_nordic/nrfx/libnrfx.a(nrfx_gpiote.c.obj)
 .text.get_pin_idx
                0x000028f4       0x14 modules/hal_nordic/modules/hal_nordic/nrfx/libnrfx.a(nrfx_gpiote.c.obj)
 .text.latch_pending_read_and_check
                0x00002908       0x58 modules/hal_nordic/modules/hal_nordic/nrfx/libnrfx.a(nrfx_gpiote.c.obj)
 .text.pin_uninit
                0x00002960       0x78 modules/hal_nordic/modules/hal_nordic/nrfx/libnrfx.a(nrfx_gpiote.c.obj)
 .text.nrfx_gpiote_output_configure
                0x000029d8       0xec modules/hal_nordic/modules/hal_nordic/nrfx/libnrfx.a(nrfx_gpiote.c.obj)
                0x000029d8                nrfx_gpiote_output_configure
 .text.nrfx_gpiote_init
                0x00002ac4       0x70 modules/hal_nordic/modules/hal_nordic/nrfx/libnrfx.a(nrfx_gpiote.c.obj)
                0x00002ac4                nrfx_gpiote_init
 .text.nrfx_gpiote_channel_free
                0x00002b34       0x14 modules/hal_nordic/modules/hal_nordic/nrfx/libnrfx.a(nrfx_gpiote.c.obj)
                0x00002b34                nrfx_gpiote_channel_free
 .text.nrfx_gpiote_channel_alloc
                0x00002b48       0x20 modules/hal_nordic/modules/hal_nordic/nrfx/libnrfx.a(nrfx_gpiote.c.obj)
                0x00002b48                nrfx_gpiote_channel_alloc
 .text.nrfx_gpiote_irq_handler
                0x00002b68      0x1c8 modules/hal_nordic/modules/hal_nordic/nrfx/libnrfx.a(nrfx_gpiote.c.obj)
                0x00002b68                nrfx_gpiote_irq_handler
 .text.channel_used_mark
                0x00002d30       0x14 modules/hal_nordic/modules/hal_nordic/nrfx/libnrfx.a(nrfx_grtc.c.obj)
 .text.channel_allocate
                0x00002d44       0x48 modules/hal_nordic/modules/hal_nordic/nrfx/libnrfx.a(nrfx_grtc.c.obj)
 .text.nrfx_grtc_syscounter_get
                0x00002d8c       0x20 modules/hal_nordic/modules/hal_nordic/nrfx/libnrfx.a(nrfx_grtc.c.obj)
                0x00002d8c                nrfx_grtc_syscounter_get
 .text.nrfx_grtc_channel_callback_set
                0x00002dac       0x2c modules/hal_nordic/modules/hal_nordic/nrfx/libnrfx.a(nrfx_grtc.c.obj)
                0x00002dac                nrfx_grtc_channel_callback_set
 .text.nrfx_grtc_init
                0x00002dd8      0x118 modules/hal_nordic/modules/hal_nordic/nrfx/libnrfx.a(nrfx_grtc.c.obj)
                0x00002dd8                nrfx_grtc_init
 .text.nrfx_grtc_syscounter_start
                0x00002ef0       0xa0 modules/hal_nordic/modules/hal_nordic/nrfx/libnrfx.a(nrfx_grtc.c.obj)
                0x00002ef0                nrfx_grtc_syscounter_start
 .text.nrfx_grtc_syscounter_cc_abs_set
                0x00002f90       0x6c modules/hal_nordic/modules/hal_nordic/nrfx/libnrfx.a(nrfx_grtc.c.obj)
                0x00002f90                nrfx_grtc_syscounter_cc_abs_set
 .text.nrfx_grtc_syscounter_cc_rel_set
                0x00002ffc       0x40 modules/hal_nordic/modules/hal_nordic/nrfx/libnrfx.a(nrfx_grtc.c.obj)
                0x00002ffc                nrfx_grtc_syscounter_cc_rel_set
 .text.nrfx_grtc_irq_handler
                0x0000303c       0xb0 modules/hal_nordic/modules/hal_nordic/nrfx/libnrfx.a(nrfx_grtc.c.obj)
                0x0000303c                nrfx_grtc_irq_handler
 .text.__nrfy_internal_rramc_config_set.constprop.0.isra.0
                0x000030ec       0x18 modules/hal_nordic/modules/hal_nordic/nrfx/libnrfx.a(nrfx_rramc.c.obj)
 .text.z_fatal_error
                0x00003104       0x30 zephyr/kernel/libkernel.a(fatal.c.obj)
                0x00003104                z_fatal_error
 .text.z_sys_init_run_level
                0x00003134       0x30 zephyr/kernel/libkernel.a(init.c.obj)
 .text.bg_thread_main
                0x00003164       0xc0 zephyr/kernel/libkernel.a(init.c.obj)
 .text.z_init_cpu
                0x00003224       0x70 zephyr/kernel/libkernel.a(init.c.obj)
                0x00003224                z_init_cpu
 .text.z_cstart
                0x00003294       0xcc zephyr/kernel/libkernel.a(init.c.obj)
                0x00003294                z_cstart
 .text.z_impl_k_mutex_lock
                0x00003360       0xe4 zephyr/kernel/libkernel.a(mutex.c.obj)
                0x00003360                z_impl_k_mutex_lock
 .text.z_impl_k_mutex_unlock
                0x00003444       0xa0 zephyr/kernel/libkernel.a(mutex.c.obj)
                0x00003444                z_impl_k_mutex_unlock
 .text.z_impl_k_sem_give
                0x000034e4       0x68 zephyr/kernel/libkernel.a(sem.c.obj)
                0x000034e4                z_impl_k_sem_give
 .text.z_impl_k_sem_take
                0x0000354c       0x4c zephyr/kernel/libkernel.a(sem.c.obj)
                0x0000354c                z_impl_k_sem_take
 .text.work_queue_main
                0x00003598      0x160 zephyr/kernel/libkernel.a(work.c.obj)
 .text.submit_to_queue_locked
                0x000036f8       0xa4 zephyr/kernel/libkernel.a(work.c.obj)
 .text.k_work_queue_start
                0x0000379c       0x80 zephyr/kernel/libkernel.a(work.c.obj)
                0x0000379c                k_work_queue_start
 .text.k_work_schedule_for_queue
                0x0000381c       0x54 zephyr/kernel/libkernel.a(work.c.obj)
                0x0000381c                k_work_schedule_for_queue
 .text.k_work_schedule
                0x00003870        0xc zephyr/kernel/libkernel.a(work.c.obj)
                0x00003870                k_work_schedule
 .text.z_impl_k_thread_name_set
                0x0000387c       0x20 zephyr/kernel/libkernel.a(thread.c.obj)
                0x0000387c                z_impl_k_thread_name_set
 .text.z_setup_new_thread
                0x0000389c       0xcc zephyr/kernel/libkernel.a(thread.c.obj)
                0x0000389c                z_setup_new_thread
 .text.z_impl_k_thread_create
                0x00003968       0x58 zephyr/kernel/libkernel.a(thread.c.obj)
                0x00003968                z_impl_k_thread_create
 .text.z_dummy_thread_init
                0x000039c0       0x1c zephyr/kernel/libkernel.a(thread.c.obj)
                0x000039c0                z_dummy_thread_init
 .text.z_swap_irqlock
                0x000039dc       0x34 zephyr/kernel/libkernel.a(sched.c.obj)
 .text.ready_thread
                0x00003a10       0x80 zephyr/kernel/libkernel.a(sched.c.obj)
 .text.unready_thread
                0x00003a90       0x54 zephyr/kernel/libkernel.a(sched.c.obj)
 .text.add_thread_timeout
                0x00003ae4       0x1c zephyr/kernel/libkernel.a(sched.c.obj)
 .text.reschedule.isra.0
                0x00003b00       0x28 zephyr/kernel/libkernel.a(sched.c.obj)
 .text.move_current_to_end_of_prio_q
                0x00003b28       0x6c zephyr/kernel/libkernel.a(sched.c.obj)
                0x00003b28                move_current_to_end_of_prio_q
 .text.z_pend_curr
                0x00003b94       0x44 zephyr/kernel/libkernel.a(sched.c.obj)
                0x00003b94                z_pend_curr
 .text.z_thread_prio_set
                0x00003bd8       0xd8 zephyr/kernel/libkernel.a(sched.c.obj)
                0x00003bd8                z_thread_prio_set
 .text.k_sched_lock
                0x00003cb0       0x28 zephyr/kernel/libkernel.a(sched.c.obj)
                0x00003cb0                k_sched_lock
 .text.k_sched_unlock
                0x00003cd8       0x54 zephyr/kernel/libkernel.a(sched.c.obj)
                0x00003cd8                k_sched_unlock
 .text.z_sched_init
                0x00003d2c       0x10 zephyr/kernel/libkernel.a(sched.c.obj)
                0x00003d2c                z_sched_init
 .text.z_impl_k_yield
                0x00003d3c       0x84 zephyr/kernel/libkernel.a(sched.c.obj)
                0x00003d3c                z_impl_k_yield
 .text.z_tick_sleep
                0x00003dc0       0x78 zephyr/kernel/libkernel.a(sched.c.obj)
 .text.z_impl_k_sched_current_thread_query
                0x00003e38        0xc zephyr/kernel/libkernel.a(sched.c.obj)
                0x00003e38                z_impl_k_sched_current_thread_query
 .text.z_thread_abort
                0x00003e44      0x144 zephyr/kernel/libkernel.a(sched.c.obj)
                0x00003e44                z_thread_abort
 .text.z_sched_wait
                0x00003f88       0x24 zephyr/kernel/libkernel.a(sched.c.obj)
                0x00003f88                z_sched_wait
 .text.z_time_slice_size
                0x00003fac       0x40 zephyr/kernel/libkernel.a(timeslicing.c.obj)
 .text.slice_timeout
                0x00003fec       0x20 zephyr/kernel/libkernel.a(timeslicing.c.obj)
 .text.z_reset_time_slice
                0x0000400c       0x44 zephyr/kernel/libkernel.a(timeslicing.c.obj)
                0x0000400c                z_reset_time_slice
 .text.z_time_slice
                0x00004050       0x5c zephyr/kernel/libkernel.a(timeslicing.c.obj)
                0x00004050                z_time_slice
 .text.z_thread_monitor_exit
                0x000040ac       0x3c zephyr/kernel/libkernel.a(thread_monitor.c.obj)
                0x000040ac                z_thread_monitor_exit
 .text.first    0x000040e8       0x10 zephyr/kernel/libkernel.a(timeout.c.obj)
 .text.elapsed  0x000040f8       0x14 zephyr/kernel/libkernel.a(timeout.c.obj)
 .text.remove_timeout
                0x0000410c       0x38 zephyr/kernel/libkernel.a(timeout.c.obj)
 .text.z_add_timeout
                0x00004144      0x120 zephyr/kernel/libkernel.a(timeout.c.obj)
                0x00004144                z_add_timeout
 .text.sys_clock_announce_locked
                0x00004264       0xb8 zephyr/kernel/libkernel.a(timeout.c.obj)
                0x00004264                sys_clock_announce_locked
 .text.sys_clock_tick_get
                0x0000431c       0x30 zephyr/kernel/libkernel.a(timeout.c.obj)
                0x0000431c                sys_clock_tick_get
 .text.k_event_post_internal
                0x0000434c       0x4c zephyr/kernel/libkernel.a(events.c.obj)
 .text.k_sys_work_q_init
                0x00004398       0x2c zephyr/kernel/libkernel.a(system_work_q.c.obj)
 .text.psa_get_initialized
                0x000043c4       0x40 modules/nrf/subsys/nrf_security/src/core/nrf_oberon/libpsa_core.a(psa_crypto.c.obj)
 .text.mbedtls_psa_crypto_free
                0x00004404       0x80 modules/nrf/subsys/nrf_security/src/core/nrf_oberon/libpsa_core.a(psa_crypto.c.obj)
                0x00004404                mbedtls_psa_crypto_free
 .text.psa_crypto_init
                0x00004484       0xf0 modules/nrf/subsys/nrf_security/src/core/nrf_oberon/libpsa_core.a(psa_crypto.c.obj)
                0x00004484                psa_crypto_init
 .text.psa_initialize_key_slots
                0x00004574       0x10 modules/nrf/subsys/nrf_security/src/core/nrf_oberon/libpsa_core.a(psa_crypto_slot_management.c.obj)
                0x00004574                psa_initialize_key_slots
 .text.psa_wipe_all_key_slots
                0x00004584       0x34 modules/nrf/subsys/nrf_security/src/core/nrf_oberon/libpsa_core.a(psa_crypto_slot_management.c.obj)
                0x00004584                psa_wipe_all_key_slots
 .text.mbedtls_platform_zeroize
                0x000045b8       0x18 modules/nrf/subsys/nrf_security/src/core/nrf_oberon/libpsa_core.a(platform_util.c.obj)
                0x000045b8                mbedtls_platform_zeroize
 .text.cracen_acquire
                0x000045d0       0x40 modules/nrf/subsys/nrf_security/src/drivers/cracen/libcracen_psa_driver.a(hardware.c.obj)
                0x000045d0                cracen_acquire
 .text.cracen_release
                0x00004610       0x6c modules/nrf/subsys/nrf_security/src/drivers/cracen/libcracen_psa_driver.a(hardware.c.obj)
                0x00004610                cracen_release
 .text.cracen_init
                0x0000467c       0x4c modules/nrf/subsys/nrf_security/src/drivers/cracen/libcracen_psa_driver.a(hardware.c.obj)
                0x0000467c                cracen_init
 .text.lib_kmu_clear_all_events
                0x000046c8       0x24 modules/nrf/subsys/nrf_security/src/drivers/cracen/libcracen_psa_driver.a(lib_kmu.c.obj)
                0x000046c8                lib_kmu_clear_all_events
 .text.trigger_task_and_wait_for_event_or_error
                0x000046ec       0x54 modules/nrf/subsys/nrf_security/src/drivers/cracen/libcracen_psa_driver.a(lib_kmu.c.obj)
 .text.lib_kmu_provision_slot
                0x00004740       0x3c modules/nrf/subsys/nrf_security/src/drivers/cracen/libcracen_psa_driver.a(lib_kmu.c.obj)
                0x00004740                lib_kmu_provision_slot
 .text.lib_kmu_push_slot
                0x0000477c       0x1c modules/nrf/subsys/nrf_security/src/drivers/cracen/libcracen_psa_driver.a(lib_kmu.c.obj)
                0x0000477c                lib_kmu_push_slot
 .text.lib_kmu_revoke_slot
                0x00004798       0x34 modules/nrf/subsys/nrf_security/src/drivers/cracen/libcracen_psa_driver.a(lib_kmu.c.obj)
                0x00004798                lib_kmu_revoke_slot
 .text.lib_kmu_read_metadata
                0x000047cc       0x30 modules/nrf/subsys/nrf_security/src/drivers/cracen/libcracen_psa_driver.a(lib_kmu.c.obj)
                0x000047cc                lib_kmu_read_metadata
 .text.cracen_kmu_provision
                0x000047fc      0x250 modules/nrf/subsys/nrf_security/src/drivers/cracen/libcracen_psa_driver.a(cracen_psa_kmu.c.obj)
                0x000047fc                cracen_kmu_provision
 .text.cracen_provision_prot_ram_inv_slots
                0x00004a4c       0x7c modules/nrf/subsys/nrf_security/src/drivers/cracen/libcracen_psa_driver.a(cracen_psa_kmu.c.obj)
                0x00004a4c                cracen_provision_prot_ram_inv_slots
 .text.sx_hw_reserve
                0x00004ac8       0x54 modules/nrf/subsys/nrf_security/src/drivers/cracen/libcracen_psa_driver.a(cmdma_hw.c.obj)
                0x00004ac8                sx_hw_reserve
 .text.sx_hw_release
                0x00004b1c       0x24 modules/nrf/subsys/nrf_security/src/drivers/cracen/libcracen_psa_driver.a(cmdma_hw.c.obj)
                0x00004b1c                sx_hw_release
 .text.cracen_isr_handler
                0x00004b40       0x68 modules/nrf/subsys/nrf_security/src/drivers/cracen/libcracen_psa_driver.a(interrupts.c.obj)
                0x00004b40                cracen_isr_handler
 .text.cracen_interrupts_init
                0x00004ba8       0x28 modules/nrf/subsys/nrf_security/src/drivers/cracen/libcracen_psa_driver.a(interrupts.c.obj)
                0x00004ba8                cracen_interrupts_init
 .text.cracen_wait_for_cm_interrupt
                0x00004bd0       0x30 modules/nrf/subsys/nrf_security/src/drivers/cracen/libcracen_psa_driver.a(interrupts.c.obj)
                0x00004bd0                cracen_wait_for_cm_interrupt
 .text.sx_pk_fetch_capabilities
                0x00004c00       0x24 modules/nrf/subsys/nrf_security/src/drivers/cracen/libcracen_psa_driver.a(pk_baremetal.c.obj)
                0x00004c00                sx_pk_fetch_capabilities
 .text.sx_pk_init
                0x00004c24       0x34 modules/nrf/subsys/nrf_security/src/drivers/cracen/libcracen_psa_driver.a(pk_baremetal.c.obj)
                0x00004c24                sx_pk_init
 .text.sx_get_current_req
                0x00004c58        0x8 modules/nrf/subsys/nrf_security/src/drivers/cracen/libcracen_psa_driver.a(pk_baremetal.c.obj)
                0x00004c58                sx_get_current_req
 .text.ctr_drbg_update
                0x00004c60       0xb4 modules/nrf/subsys/nrf_security/src/drivers/cracen/libcracen_psa_driver.a(cracen_psa_ctr_drbg.c.obj)
 .text.cracen_init_random
                0x00004d14       0x74 modules/nrf/subsys/nrf_security/src/drivers/cracen/libcracen_psa_driver.a(cracen_psa_ctr_drbg.c.obj)
                0x00004d14                cracen_init_random
 .text.cracen_get_random
                0x00004d88      0x140 modules/nrf/subsys/nrf_security/src/drivers/cracen/libcracen_psa_driver.a(cracen_psa_ctr_drbg.c.obj)
                0x00004d88                cracen_get_random
 .text.sx_blkcipher_ecb_simple
                0x00004ec8       0x9c modules/nrf/subsys/nrf_security/src/drivers/cracen/libcracen_psa_driver.a(blkcipher.c.obj)
                0x00004ec8                sx_blkcipher_ecb_simple
 .text.sx_trng_flush
                0x00004f64       0x30 modules/nrf/subsys/nrf_security/src/drivers/cracen/libcracen_psa_driver.a(trng.c.obj)
 .text.sx_trng_restart
                0x00004f94       0x28 modules/nrf/subsys/nrf_security/src/drivers/cracen/libcracen_psa_driver.a(trng.c.obj)
                0x00004f94                sx_trng_restart
 .text.sx_trng_open
                0x00004fbc       0xa4 modules/nrf/subsys/nrf_security/src/drivers/cracen/libcracen_psa_driver.a(trng.c.obj)
                0x00004fbc                sx_trng_open
 .text.sx_trng_get
                0x00005060       0xd0 modules/nrf/subsys/nrf_security/src/drivers/cracen/libcracen_psa_driver.a(trng.c.obj)
                0x00005060                sx_trng_get
 .text.__l_vfprintf
                0x00005130      0x484 C:/Nordic/NCS/toolchains/dcbdc366a1/opt/zephyr-sdk/gnu/arm-zephyr-eabi/bin/../lib/gcc/arm-zephyr-eabi/14.3.0/../../../../arm-zephyr-eabi/lib/thumb/v8-m.main/nofp/space\libc.a(libc_tinystdio_vflprintf.c.o)
                0x00005130                __l_vfprintf
 .text._OffsetAbsSyms
                0x000055b4        0x2 zephyr/CMakeFiles/offsets.dir/./arch/arm/core/offsets/offsets.c.obj
                0x000055b4                _OffsetAbsSyms
 .text.z_impl_gpio_pin_configure.isra.0
                0x000055b6       0x36 app/libapp.a(main.c.obj)
 .text.chunk_size
                0x000055ec        0xa zephyr/libzephyr.a(heap.c.obj)
 .text.free_list_add
                0x000055f6       0x4e zephyr/libzephyr.a(heap.c.obj)
 .text.sys_heap_init
                0x00005644       0x82 zephyr/libzephyr.a(heap.c.obj)
                0x00005644                sys_heap_init
 .text.arch_printk_char_out
                0x000056c6        0x4 zephyr/libzephyr.a(printk.c.obj)
                0x000056c6                arch_printk_char_out
 .text.printk   0x000056ca       0x1a zephyr/libzephyr.a(printk.c.obj)
                0x000056ca                printk
 .text.process_recheck
                0x000056e4       0x38 zephyr/libzephyr.a(onoff.c.obj)
 .text.validate_args
                0x0000571c       0x20 zephyr/libzephyr.a(onoff.c.obj)
 .text.notify_one
                0x0000573c       0x2c zephyr/libzephyr.a(onoff.c.obj)
 .text.transition_complete
                0x00005768       0x1a zephyr/libzephyr.a(onoff.c.obj)
 .text.onoff_manager_init
                0x00005782       0x26 zephyr/libzephyr.a(onoff.c.obj)
                0x00005782                onoff_manager_init
 .text.onoff_request
                0x000057a8       0x96 zephyr/libzephyr.a(onoff.c.obj)
                0x000057a8                onoff_request
 .text.sys_notify_validate
                0x0000583e       0x22 zephyr/libzephyr.a(notify.c.obj)
                0x0000583e                sys_notify_validate
 .text.sys_notify_finalize
                0x00005860       0x1a zephyr/libzephyr.a(notify.c.obj)
                0x00005860                sys_notify_finalize
 .text._ConfigAbsSyms
                0x0000587a        0x2 zephyr/libzephyr.a(configs.c.obj)
                0x0000587a                _ConfigAbsSyms
 .text.pm_device_is_busy
                0x0000587c        0xe zephyr/libzephyr.a(device.c.obj)
                0x0000587c                pm_device_is_busy
 .text.pm_device_is_powered
                0x0000588a       0x18 zephyr/libzephyr.a(device.c.obj)
                0x0000588a                pm_device_is_powered
 .text.pm_device_driver_init
                0x000058a2       0x3c zephyr/libzephyr.a(device.c.obj)
                0x000058a2                pm_device_driver_init
 .text.put_sync_locked
                0x000058de       0x56 zephyr/libzephyr.a(device_runtime.c.obj)
 .text.atomic_test_bit
                0x00005934        0xc zephyr/libzephyr.a(device_runtime.c.obj)
 .text.k_sem_take
                0x00005940        0x4 zephyr/libzephyr.a(device_runtime.c.obj)
 .text.k_sem_give
                0x00005944        0x4 zephyr/libzephyr.a(device_runtime.c.obj)
 .text.pm_device_runtime_put
                0x00005948       0x3e zephyr/libzephyr.a(device_runtime.c.obj)
                0x00005948                pm_device_runtime_put
 .text.pm_device_runtime_get
                0x00005986      0x1d8 zephyr/libzephyr.a(device_runtime.c.obj)
                0x00005986                pm_device_runtime_get
 .text.runtime_suspend
                0x00005b5e       0xe8 zephyr/libzephyr.a(device_runtime.c.obj)
 .text.runtime_suspend_work
                0x00005c46       0x78 zephyr/libzephyr.a(device_runtime.c.obj)
 .text.pm_device_runtime_put_async
                0x00005cbe       0x3a zephyr/libzephyr.a(device_runtime.c.obj)
                0x00005cbe                pm_device_runtime_put_async
 .text.pm_device_runtime_auto_enable
                0x00005cf8        0xc zephyr/libzephyr.a(device_runtime.c.obj)
                0x00005cf8                pm_device_runtime_auto_enable
 .text.arch_early_memset
                0x00005d04        0x4 zephyr/arch/common/libarch__common.a(init.c.obj)
                0x00005d04                arch_early_memset
 .text.arch_early_memcpy
                0x00005d08        0x4 zephyr/arch/common/libarch__common.a(init.c.obj)
                0x00005d08                arch_early_memcpy
 .text.z_do_kernel_oops
                0x00005d0c        0x8 zephyr/arch/arch/arm/core/libarch__arm__core.a(fatal.c.obj)
                0x00005d0c                z_do_kernel_oops
 .text.z_arm_nmi
                0x00005d14        0xe zephyr/arch/arch/arm/core/libarch__arm__core.a(nmi.c.obj)
                0x00005d14                z_arm_nmi
 .text.z_irq_spurious
                0x00005d22        0x8 zephyr/arch/arch/arm/core/cortex_m/libarch__arm__core__cortex_m.a(irq_manage.c.obj)
                0x00005d22                z_irq_spurious
 .text.configure_builtin_stack_guard
                0x00005d2a        0xa zephyr/arch/arch/arm/core/cortex_m/libarch__arm__core__cortex_m.a(thread.c.obj)
                0x00005d2a                configure_builtin_stack_guard
 .text.arch_coprocessors_disable
                0x00005d34        0x6 zephyr/arch/arch/arm/core/cortex_m/libarch__arm__core__cortex_m.a(thread.c.obj)
                0x00005d34                arch_coprocessors_disable
 .text.arch_irq_unlock_outlined
                0x00005d3a        0xe zephyr/arch/arch/arm/core/cortex_m/libarch__arm__core__cortex_m.a(thread.c.obj)
                0x00005d3a                arch_irq_unlock_outlined
 .text.arch_cpu_idle
                0x00005d48       0x1a zephyr/arch/arch/arm/core/cortex_m/libarch__arm__core__cortex_m.a(cpu_idle.c.obj)
                0x00005d48                arch_cpu_idle
 .text.arch_cpu_atomic_idle
                0x00005d62       0x1e zephyr/arch/arch/arm/core/cortex_m/libarch__arm__core__cortex_m.a(cpu_idle.c.obj)
                0x00005d62                arch_cpu_atomic_idle
 .text.arm_cmse_mpu_region_get
                0x00005d80       0x12 zephyr/arch/arch/arm/core/cortex_m/cmse/libarch__arm__core__cortex_m__cmse.a(arm_core_cmse.c.obj)
                0x00005d80                arm_cmse_mpu_region_get
 .text.mpu_configure_region
                0x00005d92       0x32 zephyr/arch/arch/arm/core/mpu/libarch__arm__core__mpu.a(arm_mpu.c.obj)
 .text.get_status
                0x00005dc4       0x12 zephyr/drivers/clock_control/libdrivers__clock_control.a(clock_control_nrf.c.obj)
 .text.stop     0x00005dd6       0x50 zephyr/drivers/clock_control/libdrivers__clock_control.a(clock_control_nrf.c.obj)
 .text.api_stop
                0x00005e26        0x6 zephyr/drivers/clock_control/libdrivers__clock_control.a(clock_control_nrf.c.obj)
 .text.async_start
                0x00005e2c       0x60 zephyr/drivers/clock_control/libdrivers__clock_control.a(clock_control_nrf.c.obj)
 .text.api_start
                0x00005e8c        0xe zephyr/drivers/clock_control/libdrivers__clock_control.a(clock_control_nrf.c.obj)
 .text.onoff_started_callback
                0x00005e9a       0x12 zephyr/drivers/clock_control/libdrivers__clock_control.a(clock_control_nrf.c.obj)
 .text.blocking_start_callback
                0x00005eac        0x6 zephyr/drivers/clock_control/libdrivers__clock_control.a(clock_control_nrf.c.obj)
 .text.lfclk_stop
                0x00005eb2        0x4 zephyr/drivers/clock_control/libdrivers__clock_control.a(clock_control_nrf.c.obj)
 .text.lfclk_start
                0x00005eb6        0x4 zephyr/drivers/clock_control/libdrivers__clock_control.a(clock_control_nrf.c.obj)
 .text.gpio_nrfx_port_get_raw
                0x00005eba        0xc zephyr/drivers/gpio/libdrivers__gpio.a(gpio_nrfx.c.obj)
 .text.gpio_nrfx_port_set_masked_raw
                0x00005ec6       0x14 zephyr/drivers/gpio/libdrivers__gpio.a(gpio_nrfx.c.obj)
 .text.gpio_nrfx_port_set_bits_raw
                0x00005eda        0xa zephyr/drivers/gpio/libdrivers__gpio.a(gpio_nrfx.c.obj)
 .text.gpio_nrfx_port_clear_bits_raw
                0x00005ee4        0xa zephyr/drivers/gpio/libdrivers__gpio.a(gpio_nrfx.c.obj)
 .text.gpio_nrfx_port_toggle_bits
                0x00005eee       0x14 zephyr/drivers/gpio/libdrivers__gpio.a(gpio_nrfx.c.obj)
 .text.gpio_nrfx_manage_callback
                0x00005f02       0x54 zephyr/drivers/gpio/libdrivers__gpio.a(gpio_nrfx.c.obj)
 .text.gpio_nrfx_pm_hook
                0x00005f56        0x4 zephyr/drivers/gpio/libdrivers__gpio.a(gpio_nrfx.c.obj)
 .text.gpio_nrfx_gpiote_irq_handler
                0x00005f5a        0x4 zephyr/drivers/gpio/libdrivers__gpio.a(gpio_nrfx.c.obj)
                0x00005f5a                gpio_nrfx_gpiote_irq_handler
 .text.pinctrl_lookup_state
                0x00005f5e       0x24 zephyr/drivers/pinctrl/libdrivers__pinctrl.a(common.c.obj)
                0x00005f5e                pinctrl_lookup_state
 .text.uarte_nrfx_err_check
                0x00005f82        0xe zephyr/drivers/serial/libdrivers__serial.a(uart_nrfx_uarte.c.obj)
 .text.uarte_nrfx_poll_in
                0x00005f90       0x26 zephyr/drivers/serial/libdrivers__serial.a(uart_nrfx_uarte.c.obj)
 .text.uarte_nrfx_isr_int
                0x00005fb6       0x42 zephyr/drivers/serial/libdrivers__serial.a(uart_nrfx_uarte.c.obj)
 .text.pinctrl_apply_state
                0x00005ff8       0x1e zephyr/drivers/serial/libdrivers__serial.a(uart_nrfx_uarte.c.obj)
 .text.uarte_21_init
                0x00006016       0x1e zephyr/drivers/serial/libdrivers__serial.a(uart_nrfx_uarte.c.obj)
 .text.uarte_20_init
                0x00006034       0x1e zephyr/drivers/serial/libdrivers__serial.a(uart_nrfx_uarte.c.obj)
 .text.uarte_nrfx_pm_action
                0x00006052       0xa0 zephyr/drivers/serial/libdrivers__serial.a(uart_nrfx_uarte.c.obj)
 .text.grtc_post_init
                0x000060f2        0xc zephyr/drivers/timer/libdrivers__timer.a(nrf_grtc_timer.c.obj)
 .text._psa_crypto_init
                0x000060fe       0x1e modules/nrf/subsys/nrf_security/src/zephyr/libmbedtls_zephyr.a(psa_crypto_init.c.obj)
 .text.nrfx_isr
                0x0000611c        0x6 modules/hal_nordic/modules/hal_nordic/nrfx/libnrfx.a(nrfx_glue.c.obj)
                0x0000611c                nrfx_isr
 .text.nrfx_busy_wait
                0x00006122        0x4 modules/hal_nordic/modules/hal_nordic/nrfx/libnrfx.a(nrfx_glue.c.obj)
                0x00006122                nrfx_busy_wait
 .text.nrfx_flag32_alloc
                0x00006126       0x34 modules/hal_nordic/modules/hal_nordic/nrfx/libnrfx.a(nrfx_flag32_allocator.c.obj)
                0x00006126                nrfx_flag32_alloc
 .text.nrfx_flag32_free
                0x0000615a       0x32 modules/hal_nordic/modules/hal_nordic/nrfx/libnrfx.a(nrfx_flag32_allocator.c.obj)
                0x0000615a                nrfx_flag32_free
 .text.lfclk_event_handler
                0x0000618c        0x4 modules/hal_nordic/modules/hal_nordic/nrfx/libnrfx.a(nrfx_clock.c.obj)
 .text.nrfx_clock_start
                0x00006190       0x10 modules/hal_nordic/modules/hal_nordic/nrfx/libnrfx.a(nrfx_clock.c.obj)
                0x00006190                nrfx_clock_start
 .text.nrfx_clock_stop
                0x000061a0       0x10 modules/hal_nordic/modules/hal_nordic/nrfx/libnrfx.a(nrfx_clock.c.obj)
                0x000061a0                nrfx_clock_stop
 .text.nrfx_power_clock_irq_handler
                0x000061b0        0xe modules/hal_nordic/modules/hal_nordic/nrfx/libnrfx.a(nrfx_clock.c.obj)
                0x000061b0                nrfx_power_clock_irq_handler
 .text.nrfx_clock_lfclk_stop
                0x000061be        0x4 modules/hal_nordic/modules/hal_nordic/nrfx/libnrfx.a(nrfx_clock_lfclk.c.obj)
                0x000061be                nrfx_clock_lfclk_stop
 .text.nrfx_clock_xo_stop
                0x000061c2        0x4 modules/hal_nordic/modules/hal_nordic/nrfx/libnrfx.a(nrfx_clock_xo.c.obj)
                0x000061c2                nrfx_clock_xo_stop
 .text.nrf_gpio_reconfigure
                0x000061c6       0x92 modules/hal_nordic/modules/hal_nordic/nrfx/libnrfx.a(nrfx_gpiote.c.obj)
 .text.nrf_gpio_cfg_sense_set
                0x00006258       0x1e modules/hal_nordic/modules/hal_nordic/nrfx/libnrfx.a(nrfx_gpiote.c.obj)
 .text.pin_in_use_by_te
                0x00006276       0x16 modules/hal_nordic/modules/hal_nordic/nrfx/libnrfx.a(nrfx_gpiote.c.obj)
 .text.pin_is_output
                0x0000628c       0x16 modules/hal_nordic/modules/hal_nordic/nrfx/libnrfx.a(nrfx_gpiote.c.obj)
 .text.pin_te_get
                0x000062a2       0x14 modules/hal_nordic/modules/hal_nordic/nrfx/libnrfx.a(nrfx_gpiote.c.obj)
 .text.call_handler
                0x000062b6       0x3e modules/hal_nordic/modules/hal_nordic/nrfx/libnrfx.a(nrfx_gpiote.c.obj)
 .text.release_handler
                0x000062f4       0x52 modules/hal_nordic/modules/hal_nordic/nrfx/libnrfx.a(nrfx_gpiote.c.obj)
 .text.__nrfy_internal_gpiote_events_process
                0x00006346       0x4e modules/hal_nordic/modules/hal_nordic/nrfx/libnrfx.a(nrfx_gpiote.c.obj)
 .text.pin_trigger_disable
                0x00006394       0x44 modules/hal_nordic/modules/hal_nordic/nrfx/libnrfx.a(nrfx_gpiote.c.obj)
 .text.nrfx_gpiote_input_configure
                0x000063d8      0x168 modules/hal_nordic/modules/hal_nordic/nrfx/libnrfx.a(nrfx_gpiote.c.obj)
                0x000063d8                nrfx_gpiote_input_configure
 .text.nrfx_gpiote_global_callback_set
                0x00006540        0x6 modules/hal_nordic/modules/hal_nordic/nrfx/libnrfx.a(nrfx_gpiote.c.obj)
                0x00006540                nrfx_gpiote_global_callback_set
 .text.nrfx_gpiote_channel_get
                0x00006546       0x26 modules/hal_nordic/modules/hal_nordic/nrfx/libnrfx.a(nrfx_gpiote.c.obj)
                0x00006546                nrfx_gpiote_channel_get
 .text.nrfx_gpiote_init_check
                0x0000656c        0xc modules/hal_nordic/modules/hal_nordic/nrfx/libnrfx.a(nrfx_gpiote.c.obj)
                0x0000656c                nrfx_gpiote_init_check
 .text.nrfx_gpiote_pin_uninit
                0x00006578        0x4 modules/hal_nordic/modules/hal_nordic/nrfx/libnrfx.a(nrfx_gpiote.c.obj)
                0x00006578                nrfx_gpiote_pin_uninit
 .text.nrfx_gpiote_trigger_enable
                0x0000657c       0xa0 modules/hal_nordic/modules/hal_nordic/nrfx/libnrfx.a(nrfx_gpiote.c.obj)
                0x0000657c                nrfx_gpiote_trigger_enable
 .text.nrfx_gpiote_trigger_disable
                0x0000661c        0x4 modules/hal_nordic/modules/hal_nordic/nrfx/libnrfx.a(nrfx_gpiote.c.obj)
                0x0000661c                nrfx_gpiote_trigger_disable
 .text.nrfx_rramc_write_enable_set
                0x00006620        0x6 modules/hal_nordic/modules/hal_nordic/nrfx/libnrfx.a(nrfx_rramc.c.obj)
                0x00006620                nrfx_rramc_write_enable_set
 .text.z_impl_k_busy_wait
                0x00006626        0x8 zephyr/kernel/libkernel.a(busy_wait.c.obj)
                0x00006626                z_impl_k_busy_wait
 .text.do_device_init
                0x0000662e       0x3a zephyr/kernel/libkernel.a(device.c.obj)
                0x0000662e                do_device_init
 .text.z_impl_device_is_ready
                0x00006668       0x16 zephyr/kernel/libkernel.a(device.c.obj)
                0x00006668                z_impl_device_is_ready
 .text.arch_system_halt
                0x0000667e       0x10 zephyr/kernel/libkernel.a(fatal.c.obj)
                0x0000667e                arch_system_halt
 .text.k_sys_fatal_error_handler
                0x0000668e        0x6 zephyr/kernel/libkernel.a(fatal.c.obj)
                0x0000668e                k_sys_fatal_error_handler
 .text.idle     0x00006694       0x16 zephyr/kernel/libkernel.a(idle.c.obj)
                0x00006694                idle
 .text.adjust_owner_prio.isra.0
                0x000066aa       0x10 zephyr/kernel/libkernel.a(mutex.c.obj)
 .text.flag_test_and_clear
                0x000066ba       0x16 zephyr/kernel/libkernel.a(work.c.obj)
 .text.unschedule_locked
                0x000066d0       0x1e zephyr/kernel/libkernel.a(work.c.obj)
 .text.notify_queue_locked.isra.0
                0x000066ee        0xe zephyr/kernel/libkernel.a(work.c.obj)
 .text.cancel_async_locked
                0x000066fc       0x66 zephyr/kernel/libkernel.a(work.c.obj)
 .text.work_timeout
                0x00006762       0x4e zephyr/kernel/libkernel.a(work.c.obj)
 .text.k_work_init_delayable
                0x000067b0       0x18 zephyr/kernel/libkernel.a(work.c.obj)
                0x000067b0                k_work_init_delayable
 .text.k_work_cancel_delayable
                0x000067c8       0x26 zephyr/kernel/libkernel.a(work.c.obj)
                0x000067c8                k_work_cancel_delayable
 .text.k_is_in_isr
                0x000067ee        0xc zephyr/kernel/libkernel.a(thread.c.obj)
                0x000067ee                k_is_in_isr
 .text.sys_dlist_remove
                0x000067fa       0x10 zephyr/kernel/libkernel.a(sched.c.obj)
 .text.unpend_thread_no_timeout
                0x0000680a       0x14 zephyr/kernel/libkernel.a(sched.c.obj)
 .text.add_to_waitq_locked
                0x0000681e       0x4c zephyr/kernel/libkernel.a(sched.c.obj)
 .text.z_ready_thread
                0x0000686a       0x1e zephyr/kernel/libkernel.a(sched.c.obj)
                0x0000686a                z_ready_thread
 .text.z_sched_wake_thread_locked
                0x00006888       0x28 zephyr/kernel/libkernel.a(sched.c.obj)
                0x00006888                z_sched_wake_thread_locked
 .text.z_thread_timeout
                0x000068b0       0x20 zephyr/kernel/libkernel.a(sched.c.obj)
                0x000068b0                z_thread_timeout
 .text.z_reschedule
                0x000068d0        0x6 zephyr/kernel/libkernel.a(sched.c.obj)
                0x000068d0                z_reschedule
 .text.z_impl_k_sleep
                0x000068d6       0x38 zephyr/kernel/libkernel.a(sched.c.obj)
                0x000068d6                z_impl_k_sleep
 .text.z_impl_k_usleep
                0x0000690e       0x1a zephyr/kernel/libkernel.a(sched.c.obj)
                0x0000690e                z_impl_k_usleep
 .text.z_impl_k_wakeup
                0x00006928       0x40 zephyr/kernel/libkernel.a(sched.c.obj)
                0x00006928                z_impl_k_wakeup
 .text.z_sched_wake
                0x00006968       0x46 zephyr/kernel/libkernel.a(sched.c.obj)
                0x00006968                z_sched_wake
 .text.z_sched_waitq_walk
                0x000069ae       0x68 zephyr/kernel/libkernel.a(sched.c.obj)
                0x000069ae                z_sched_waitq_walk
 .text.next_timeout
                0x00006a16       0x2e zephyr/kernel/libkernel.a(timeout.c.obj)
 .text.z_abort_timeout
                0x00006a44       0x6a zephyr/kernel/libkernel.a(timeout.c.obj)
                0x00006a44                z_abort_timeout
 .text.sys_clock_tick_get_32
                0x00006aae        0x8 zephyr/kernel/libkernel.a(timeout.c.obj)
                0x00006aae                sys_clock_tick_get_32
 .text.k_event_wait_internal
                0x00006ab6       0x86 zephyr/kernel/libkernel.a(events.c.obj)
 .text.event_walk_op
                0x00006b3c       0x40 zephyr/kernel/libkernel.a(events.c.obj)
 .text.z_impl_k_event_init
                0x00006b7c        0xa zephyr/kernel/libkernel.a(events.c.obj)
                0x00006b7c                z_impl_k_event_init
 .text.z_impl_k_event_set
                0x00006b86        0x8 zephyr/kernel/libkernel.a(events.c.obj)
                0x00006b86                z_impl_k_event_set
 .text.z_impl_k_event_clear
                0x00006b8e        0x8 zephyr/kernel/libkernel.a(events.c.obj)
                0x00006b8e                z_impl_k_event_clear
 .text.z_impl_k_event_wait
                0x00006b96        0x6 zephyr/kernel/libkernel.a(events.c.obj)
                0x00006b96                z_impl_k_event_wait
 .text.boot_banner
                0x00006b9c        0x2 zephyr/kernel/libkernel.a(banner.c.obj)
                0x00006b9c                boot_banner
 .text.psa_remove_key_data_from_memory
                0x00006b9e       0x16 modules/nrf/subsys/nrf_security/src/core/nrf_oberon/libpsa_core.a(psa_crypto.c.obj)
                0x00006b9e                psa_remove_key_data_from_memory
 .text.psa_wipe_key_slot
                0x00006bb4       0x3a modules/nrf/subsys/nrf_security/src/core/nrf_oberon/libpsa_core.a(psa_crypto.c.obj)
                0x00006bb4                psa_wipe_key_slot
 .text.psa_driver_wrapper_init
                0x00006bee        0x4 modules/nrf/subsys/nrf_security/src/core/nrf_oberon/libpsa_core.a(psa_crypto_driver_wrappers.c.obj)
                0x00006bee                psa_driver_wrapper_init
 .text.psa_driver_wrapper_free
                0x00006bf2        0x2 modules/nrf/subsys/nrf_security/src/core/nrf_oberon/libpsa_core.a(psa_crypto_driver_wrappers.c.obj)
                0x00006bf2                psa_driver_wrapper_free
 .text.psa_driver_wrapper_init_random
                0x00006bf4        0x4 modules/nrf/subsys/nrf_security/src/core/nrf_oberon/libpsa_core.a(psa_crypto_driver_wrappers.c.obj)
                0x00006bf4                psa_driver_wrapper_init_random
 .text.psa_driver_wrapper_free_random
                0x00006bf8        0x4 modules/nrf/subsys/nrf_security/src/core/nrf_oberon/libpsa_core.a(psa_crypto_driver_wrappers.c.obj)
                0x00006bf8                psa_driver_wrapper_free_random
 .text.mbedtls_mutex_lock
                0x00006bfc        0xc modules/nrf/subsys/nrf_security/src/core/nrf_oberon/libpsa_core.a(threading_alt.c.obj)
                0x00006bfc                mbedtls_mutex_lock
 .text.mbedtls_mutex_unlock
                0x00006c08        0x4 modules/nrf/subsys/nrf_security/src/core/nrf_oberon/libpsa_core.a(threading_alt.c.obj)
                0x00006c08                mbedtls_mutex_unlock
 .text.silex_statuscodes_to_psa
                0x00006c0c       0xbe modules/nrf/subsys/nrf_security/src/drivers/cracen/libcracen_psa_driver.a(common.c.obj)
                0x00006c0c                silex_statuscodes_to_psa
 .text.cracen_xorbytes
                0x00006cca       0x1a modules/nrf/subsys/nrf_security/src/drivers/cracen/libcracen_psa_driver.a(common.c.obj)
                0x00006cca                cracen_xorbytes
 .text.cracen_be_add
                0x00006ce4       0x14 modules/nrf/subsys/nrf_security/src/drivers/cracen/libcracen_psa_driver.a(common.c.obj)
                0x00006ce4                cracen_be_add
 .text.lib_kmu_is_slot_empty
                0x00006cf8       0x14 modules/nrf/subsys/nrf_security/src/drivers/cracen/libcracen_psa_driver.a(lib_kmu.c.obj)
                0x00006cf8                lib_kmu_is_slot_empty
 .text.set_provisioning_in_progress
                0x00006d0c       0x30 modules/nrf/subsys/nrf_security/src/drivers/cracen/libcracen_psa_driver.a(cracen_psa_kmu.c.obj)
 .text.clean_up_unfinished_provisioning
                0x00006d3c       0x46 modules/nrf/subsys/nrf_security/src/drivers/cracen/libcracen_psa_driver.a(cracen_psa_kmu.c.obj)
 .text.cracen_push_prot_ram_inv_slots
                0x00006d82       0x2e modules/nrf/subsys/nrf_security/src/drivers/cracen/libcracen_psa_driver.a(cracen_psa_kmu.c.obj)
                0x00006d82                cracen_push_prot_ram_inv_slots
 .text.sx_clear_interrupt
                0x00006db0        0x8 modules/nrf/subsys/nrf_security/src/drivers/cracen/libcracen_psa_driver.a(pk_baremetal.c.obj)
                0x00006db0                sx_clear_interrupt
 .text.convert_ba414_capabilities
                0x00006db8       0x4c modules/nrf/subsys/nrf_security/src/drivers/cracen/libcracen_psa_driver.a(ba414_status.c.obj)
                0x00006db8                convert_ba414_capabilities
 .text.trng_get_entropy
                0x00006e04       0x50 modules/nrf/subsys/nrf_security/src/drivers/cracen/libcracen_psa_driver.a(cracen_psa_ctr_drbg.c.obj)
 .text.sx_cmdma_reset
                0x00006e54       0x4a modules/nrf/subsys/nrf_security/src/drivers/cracen/libcracen_psa_driver.a(cmdma.c.obj)
                0x00006e54                sx_cmdma_reset
 .text.sx_cmdma_check
                0x00006e9e       0x4e modules/nrf/subsys/nrf_security/src/drivers/cracen/libcracen_psa_driver.a(cmdma.c.obj)
                0x00006e9e                sx_cmdma_check
 .text.sx_trng_close
                0x00006eec       0x14 modules/nrf/subsys/nrf_security/src/drivers/cracen/libcracen_psa_driver.a(trng.c.obj)
                0x00006eec                sx_trng_close
 .text.nrf_security_mutex_lock
                0x00006f00        0xc modules/nrf/subsys/nrf_security/src/libnrf_security_utils.a(nrf_security_mutexes.c.obj)
                0x00006f00                nrf_security_mutex_lock
 .text.nrf_security_mutex_unlock
                0x00006f0c        0x4 modules/nrf/subsys/nrf_security/src/libnrf_security_utils.a(nrf_security_mutexes.c.obj)
                0x00006f0c                nrf_security_mutex_unlock
 .text.nrf_security_event_init
                0x00006f10        0x4 modules/nrf/subsys/nrf_security/src/libnrf_security_utils.a(nrf_security_events.c.obj)
                0x00006f10                nrf_security_event_init
 .text.nrf_security_event_wait
                0x00006f14       0x1a modules/nrf/subsys/nrf_security/src/libnrf_security_utils.a(nrf_security_events.c.obj)
                0x00006f14                nrf_security_event_wait
 .text.nrf_security_event_clear
                0x00006f2e        0x4 modules/nrf/subsys/nrf_security/src/libnrf_security_utils.a(nrf_security_events.c.obj)
                0x00006f2e                nrf_security_event_clear
 .text.nrf_security_event_set
                0x00006f32        0x4 modules/nrf/subsys/nrf_security/src/libnrf_security_utils.a(nrf_security_events.c.obj)
                0x00006f32                nrf_security_event_set
 .text.nrf_security_core_delay_us
                0x00006f36        0x4 modules/nrf/subsys/nrf_security/src/libnrf_security_utils.a(nrf_security_core.c.obj)
                0x00006f36                nrf_security_core_delay_us
 .text.safe_memset
                0x00006f3a       0x16 modules/nrf/subsys/nrf_security/src/libnrf_security_utils.a(nrf_security_mem_helpers.c.obj)
                0x00006f3a                safe_memset
 .text.safe_memzero
                0x00006f50       0x18 modules/nrf/subsys/nrf_security/src/libnrf_security_utils.a(nrf_security_mem_helpers.c.obj)
                0x00006f50                safe_memzero
 .text.memcpy   0x00006f68       0x1a C:/Nordic/NCS/toolchains/dcbdc366a1/opt/zephyr-sdk/gnu/arm-zephyr-eabi/bin/../lib/gcc/arm-zephyr-eabi/14.3.0/../../../../arm-zephyr-eabi/lib/thumb/v8-m.main/nofp/space\libc.a(memcpy.c.o)
                0x00006f68                __aeabi_memcpy
                0x00006f68                __aeabi_memcpy4
                0x00006f68                __aeabi_memcpy8
                0x00006f68                memcpy
 .text.memset   0x00006f82       0x10 C:/Nordic/NCS/toolchains/dcbdc366a1/opt/zephyr-sdk/gnu/arm-zephyr-eabi/bin/../lib/gcc/arm-zephyr-eabi/14.3.0/../../../../arm-zephyr-eabi/lib/thumb/v8-m.main/nofp/space\libc.a(memset.c.o)
                0x00006f82                memset
 .text.strncpy  0x00006f92       0x26 C:/Nordic/NCS/toolchains/dcbdc366a1/opt/zephyr-sdk/gnu/arm-zephyr-eabi/bin/../lib/gcc/arm-zephyr-eabi/14.3.0/../../../../arm-zephyr-eabi/lib/thumb/v8-m.main/nofp/space\libc.a(libc_string_strncpy.c.o)
                0x00006f92                strncpy
 .text.strnlen  0x00006fb8       0x18 C:/Nordic/NCS/toolchains/dcbdc366a1/opt/zephyr-sdk/gnu/arm-zephyr-eabi/bin/../lib/gcc/arm-zephyr-eabi/14.3.0/../../../../arm-zephyr-eabi/lib/thumb/v8-m.main/nofp/space\libc.a(libc_string_strnlen.c.o)
                0x00006fb8                strnlen
 .text.__ultoa_invert
                0x00006fd0       0xac C:/Nordic/NCS/toolchains/dcbdc366a1/opt/zephyr-sdk/gnu/arm-zephyr-eabi/bin/../lib/gcc/arm-zephyr-eabi/14.3.0/../../../../arm-zephyr-eabi/lib/thumb/v8-m.main/nofp/space\libc.a(libc_tinystdio_vflprintf.c.o)
 *(SORT_BY_ALIGNMENT(.gnu.linkonce.t.*))
 *(SORT_BY_ALIGNMENT(.glue_7t))
 .glue_7t       0x0000707c        0x0 linker stubs
 *(SORT_BY_ALIGNMENT(.glue_7))
 .glue_7        0x0000707c        0x0 linker stubs
 *(SORT_BY_ALIGNMENT(.vfp11_veneer))
 .vfp11_veneer  0x0000707c        0x0 linker stubs
 *(SORT_BY_ALIGNMENT(.v4_bx))
 .v4_bx         0x0000707c        0x0 linker stubs
                0x0000707c                        . = ALIGN (0x4)
                0x0000707c                        __text_region_end = .

.ARM.exidx      0x0000707c        0x8
                0x0000707c                        __exidx_start = .
 *(SORT_BY_ALIGNMENT(.ARM.exidx*) SORT_BY_ALIGNMENT(gnu.linkonce.armexidx.*))
 .ARM.exidx     0x0000707c        0x8 C:/Nordic/NCS/toolchains/dcbdc366a1/opt/zephyr-sdk/gnu/arm-zephyr-eabi/bin/../lib/gcc/arm-zephyr-eabi/14.3.0/thumb/v8-m.main/nofp/space\libgcc.a(_udivmoddi4.o)
                0x00007084                        __exidx_end = .
                0x00007084                        __rodata_region_start = .

initlevel       0x00007084       0x68
                0x00007084                        __init_start = .
                0x00007084                        __init_EARLY_start = .
 *(SORT_BY_NAME(SORT_BY_ALIGNMENT(.z_init_EARLY_P_?_*)))
 .z_init_EARLY_P_0_SUB_0_
                0x00007084        0x8 zephyr/soc/soc/nrf54l15/libsoc__nordic.a(soc.c.obj)
 .z_init_EARLY_P_1_SUB_0_
                0x0000708c        0x8 zephyr/drivers/timer/libdrivers__timer.a(nrf_grtc_timer.c.obj)
 *(SORT_BY_NAME(SORT_BY_ALIGNMENT(.z_init_EARLY_P_??_*)))
 *(SORT_BY_NAME(SORT_BY_ALIGNMENT(.z_init_EARLY_P_???_*)))
                0x00007094                        __init_PRE_KERNEL_1_start = .
 *(SORT_BY_NAME(SORT_BY_ALIGNMENT(.z_init_PRE_KERNEL_1_P_?_*)))
 *(SORT_BY_NAME(SORT_BY_ALIGNMENT(.z_init_PRE_KERNEL_1_P_??_*)))
 .z_init_PRE_KERNEL_1_P_30_SUB_00068_
                0x00007094        0x8 zephyr/drivers/clock_control/libdrivers__clock_control.a(clock_control_nrf.c.obj)
 .z_init_PRE_KERNEL_1_P_40_SUB_00012_
                0x0000709c        0x8 zephyr/drivers/gpio/libdrivers__gpio.a(gpio_nrfx.c.obj)
 .z_init_PRE_KERNEL_1_P_40_SUB_00015_
                0x000070a4        0x8 zephyr/drivers/gpio/libdrivers__gpio.a(gpio_nrfx.c.obj)
 .z_init_PRE_KERNEL_1_P_40_SUB_00026_
                0x000070ac        0x8 zephyr/drivers/gpio/libdrivers__gpio.a(gpio_nrfx.c.obj)
 .z_init_PRE_KERNEL_1_P_50_SUB_00113_
                0x000070b4        0x8 zephyr/drivers/serial/libdrivers__serial.a(uart_nrfx_uarte.c.obj)
 .z_init_PRE_KERNEL_1_P_50_SUB_00114_
                0x000070bc        0x8 zephyr/drivers/serial/libdrivers__serial.a(uart_nrfx_uarte.c.obj)
 *(SORT_BY_NAME(SORT_BY_ALIGNMENT(.z_init_PRE_KERNEL_1_P_???_*)))
                0x000070c4                        __init_PRE_KERNEL_2_start = .
 *(SORT_BY_NAME(SORT_BY_ALIGNMENT(.z_init_PRE_KERNEL_2_P_?_*)))
 .z_init_PRE_KERNEL_2_P_0_SUB_0_
                0x000070c4        0x8 zephyr/drivers/timer/libdrivers__timer.a(nrf_grtc_timer.c.obj)
 *(SORT_BY_NAME(SORT_BY_ALIGNMENT(.z_init_PRE_KERNEL_2_P_??_*)))
 *(SORT_BY_NAME(SORT_BY_ALIGNMENT(.z_init_PRE_KERNEL_2_P_???_*)))
                0x000070cc                        __init_POST_KERNEL_start = .
 *(SORT_BY_NAME(SORT_BY_ALIGNMENT(.z_init_POST_KERNEL_P_?_*)))
 *(SORT_BY_NAME(SORT_BY_ALIGNMENT(.z_init_POST_KERNEL_P_??_*)))
 .z_init_POST_KERNEL_P_35_SUB_0_
                0x000070cc        0x8 zephyr/lib/libc/common/liblib__libc__common.a(malloc.c.obj)
 .z_init_POST_KERNEL_P_40_SUB_0_
                0x000070d4        0x8 zephyr/kernel/libkernel.a(system_work_q.c.obj)
 .z_init_POST_KERNEL_P_50_SUB_0_
                0x000070dc        0x8 modules/nrf/subsys/nrf_security/src/zephyr/libmbedtls_zephyr.a(psa_crypto_init.c.obj)
 *(SORT_BY_NAME(SORT_BY_ALIGNMENT(.z_init_POST_KERNEL_P_???_*)))
                0x000070e4                        __init_APPLICATION_start = .
 *(SORT_BY_NAME(SORT_BY_ALIGNMENT(.z_init_APPLICATION_P_?_*)))
 .z_init_APPLICATION_P_0_SUB_0_
                0x000070e4        0x8 zephyr/libzephyr.a(banner.c.obj)
 *(SORT_BY_NAME(SORT_BY_ALIGNMENT(.z_init_APPLICATION_P_??_*)))
 *(SORT_BY_NAME(SORT_BY_ALIGNMENT(.z_init_APPLICATION_P_???_*)))
                0x000070ec                        __init_SMP_start = .
 *(SORT_BY_NAME(SORT_BY_ALIGNMENT(.z_init_SMP_P_?_*)))
 *(SORT_BY_NAME(SORT_BY_ALIGNMENT(.z_init_SMP_P_??_*)))
 *(SORT_BY_NAME(SORT_BY_ALIGNMENT(.z_init_SMP_P_???_*)))
                0x000070ec                        __init_end = .

device_area     0x000070ec       0xc0
                0x000070ec                        _device_list_start = .
 *(SORT_BY_NAME(SORT_BY_ALIGNMENT(._device.static.*_?_*)))
 *(SORT_BY_NAME(SORT_BY_ALIGNMENT(._device.static.*_??_*)))
 ._device.static.1_30_
                0x000070ec       0x20 zephyr/drivers/clock_control/libdrivers__clock_control.a(clock_control_nrf.c.obj)
                0x000070ec                __device_dts_ord_68
 ._device.static.1_40_
                0x0000710c       0x60 zephyr/drivers/gpio/libdrivers__gpio.a(gpio_nrfx.c.obj)
                0x0000710c                __device_dts_ord_15
                0x0000712c                __device_dts_ord_12
                0x0000714c                __device_dts_ord_26
 ._device.static.1_50_
                0x0000716c       0x40 zephyr/drivers/serial/libdrivers__serial.a(uart_nrfx_uarte.c.obj)
                0x0000716c                __device_dts_ord_114
                0x0000718c                __device_dts_ord_113
 *(SORT_BY_NAME(SORT_BY_ALIGNMENT(._device.static.*_???_*)))
 *(SORT_BY_NAME(SORT_BY_ALIGNMENT(._device.static.*_????_*)))
 *(SORT_BY_NAME(SORT_BY_ALIGNMENT(._device.static.*_?????_*)))
                0x000071ac                        _device_list_end = .

sw_isr_table    0x000071ac      0x878
                0x000071ac                        . = ALIGN (0x4)
 *(SORT_BY_ALIGNMENT(.gnu.linkonce.sw_isr_table*))
 .gnu.linkonce.sw_isr_table
                0x000071ac      0x878 zephyr/arch/common/libisr_tables.a(isr_tables.c.obj)
                0x000071ac                _sw_isr_table

initlevel_error
 *(SORT_BY_NAME(SORT_BY_ALIGNMENT(.z_init_*)))
                0x00000001                        ASSERT ((SIZEOF (initlevel_error) == 0x0), Undefined initialization levels used.)

app_shmem_regions
                0x00007a24        0x0
                0x00007a24                        __app_shmem_regions_start = .
 *(SORT_BY_NAME(SORT_BY_ALIGNMENT(.app_regions.*)))
                0x00007a24                        __app_shmem_regions_end = .

k_p4wq_initparam_area
                0x00007a24        0x0
                0x00007a24                        _k_p4wq_initparam_list_start = .
 *(SORT_BY_NAME(SORT_BY_ALIGNMENT(._k_p4wq_initparam.static.*)))
                0x00007a24                        _k_p4wq_initparam_list_end = .

_static_thread_data_area
                0x00007a24        0x0
                0x00007a24                        __static_thread_data_list_start = .
 *(SORT_BY_NAME(SORT_BY_ALIGNMENT(.__static_thread_data.static.*)))
                0x00007a24                        __static_thread_data_list_end = .

device_deps     0x00007a24        0x0
                0x00007a24                        __device_deps_start = .
 *(SORT_BY_NAME(SORT_BY_ALIGNMENT(.__device_deps_pass2*)))
                0x00007a24                        __device_deps_end = .

gpio_driver_api_area
                0x00007a24       0x24
                0x00007a24                        _gpio_driver_api_list_start = .
 *(SORT_BY_NAME(SORT_BY_ALIGNMENT(._gpio_driver_api.static.*)))
 ._gpio_driver_api.static.gpio_nrfx_drv_api_funcs_
                0x00007a24       0x24 zephyr/drivers/gpio/libdrivers__gpio.a(gpio_nrfx.c.obj)
                0x00007a48                        _gpio_driver_api_list_end = .

shared_irq_driver_api_area
                0x00007a48        0x0
                0x00007a48                        _shared_irq_driver_api_list_start = .
 *(SORT_BY_NAME(SORT_BY_ALIGNMENT(._shared_irq_driver_api.static.*)))
                0x00007a48                        _shared_irq_driver_api_list_end = .

crypto_driver_api_area
                0x00007a48        0x0
                0x00007a48                        _crypto_driver_api_list_start = .
 *(SORT_BY_NAME(SORT_BY_ALIGNMENT(._crypto_driver_api.static.*)))
                0x00007a48                        _crypto_driver_api_list_end = .

adc_driver_api_area
                0x00007a48        0x0
                0x00007a48                        _adc_driver_api_list_start = .
 *(SORT_BY_NAME(SORT_BY_ALIGNMENT(._adc_driver_api.static.*)))
                0x00007a48                        _adc_driver_api_list_end = .

auxdisplay_driver_api_area
                0x00007a48        0x0
                0x00007a48                        _auxdisplay_driver_api_list_start = .
 *(SORT_BY_NAME(SORT_BY_ALIGNMENT(._auxdisplay_driver_api.static.*)))
                0x00007a48                        _auxdisplay_driver_api_list_end = .

bbram_driver_api_area
                0x00007a48        0x0
                0x00007a48                        _bbram_driver_api_list_start = .
 *(SORT_BY_NAME(SORT_BY_ALIGNMENT(._bbram_driver_api.static.*)))
                0x00007a48                        _bbram_driver_api_list_end = .

biometric_driver_api_area
                0x00007a48        0x0
                0x00007a48                        _biometric_driver_api_list_start = .
 *(SORT_BY_NAME(SORT_BY_ALIGNMENT(._biometric_driver_api.static.*)))
                0x00007a48                        _biometric_driver_api_list_end = .

bt_hci_driver_api_area
                0x00007a48        0x0
                0x00007a48                        _bt_hci_driver_api_list_start = .
 *(SORT_BY_NAME(SORT_BY_ALIGNMENT(._bt_hci_driver_api.static.*)))
                0x00007a48                        _bt_hci_driver_api_list_end = .

can_driver_api_area
                0x00007a48        0x0
                0x00007a48                        _can_driver_api_list_start = .
 *(SORT_BY_NAME(SORT_BY_ALIGNMENT(._can_driver_api.static.*)))
                0x00007a48                        _can_driver_api_list_end = .

cellular_driver_api_area
                0x00007a48        0x0
                0x00007a48                        _cellular_driver_api_list_start = .
 *(SORT_BY_NAME(SORT_BY_ALIGNMENT(._cellular_driver_api.static.*)))
                0x00007a48                        _cellular_driver_api_list_end = .

charger_driver_api_area
                0x00007a48        0x0
                0x00007a48                        _charger_driver_api_list_start = .
 *(SORT_BY_NAME(SORT_BY_ALIGNMENT(._charger_driver_api.static.*)))
                0x00007a48                        _charger_driver_api_list_end = .

clock_control_driver_api_area
                0x00007a48       0x1c
                0x00007a48                        _clock_control_driver_api_list_start = .
 *(SORT_BY_NAME(SORT_BY_ALIGNMENT(._clock_control_driver_api.static.*)))
 ._clock_control_driver_api.static.clock_control_api_
                0x00007a48       0x1c zephyr/drivers/clock_control/libdrivers__clock_control.a(clock_control_nrf.c.obj)
                0x00007a64                        _clock_control_driver_api_list_end = .

comparator_driver_api_area
                0x00007a64        0x0
                0x00007a64                        _comparator_driver_api_list_start = .
 *(SORT_BY_NAME(SORT_BY_ALIGNMENT(._comparator_driver_api.static.*)))
                0x00007a64                        _comparator_driver_api_list_end = .

coredump_driver_api_area
                0x00007a64        0x0
                0x00007a64                        _coredump_driver_api_list_start = .
 *(SORT_BY_NAME(SORT_BY_ALIGNMENT(._coredump_driver_api.static.*)))
                0x00007a64                        _coredump_driver_api_list_end = .

counter_driver_api_area
                0x00007a64        0x0
                0x00007a64                        _counter_driver_api_list_start = .
 *(SORT_BY_NAME(SORT_BY_ALIGNMENT(._counter_driver_api.static.*)))
                0x00007a64                        _counter_driver_api_list_end = .

crc_driver_api_area
                0x00007a64        0x0
                0x00007a64                        _crc_driver_api_list_start = .
 *(SORT_BY_NAME(SORT_BY_ALIGNMENT(._crc_driver_api.static.*)))
                0x00007a64                        _crc_driver_api_list_end = .

dac_driver_api_area
                0x00007a64        0x0
                0x00007a64                        _dac_driver_api_list_start = .
 *(SORT_BY_NAME(SORT_BY_ALIGNMENT(._dac_driver_api.static.*)))
                0x00007a64                        _dac_driver_api_list_end = .

dai_driver_api_area
                0x00007a64        0x0
                0x00007a64                        _dai_driver_api_list_start = .
 *(SORT_BY_NAME(SORT_BY_ALIGNMENT(._dai_driver_api.static.*)))
                0x00007a64                        _dai_driver_api_list_end = .

display_driver_api_area
                0x00007a64        0x0
                0x00007a64                        _display_driver_api_list_start = .
 *(SORT_BY_NAME(SORT_BY_ALIGNMENT(._display_driver_api.static.*)))
                0x00007a64                        _display_driver_api_list_end = .

dma_driver_api_area
                0x00007a64        0x0
                0x00007a64                        _dma_driver_api_list_start = .
 *(SORT_BY_NAME(SORT_BY_ALIGNMENT(._dma_driver_api.static.*)))
                0x00007a64                        _dma_driver_api_list_end = .

edac_driver_api_area
                0x00007a64        0x0
                0x00007a64                        _edac_driver_api_list_start = .
 *(SORT_BY_NAME(SORT_BY_ALIGNMENT(._edac_driver_api.static.*)))
                0x00007a64                        _edac_driver_api_list_end = .

eeprom_driver_api_area
                0x00007a64        0x0
                0x00007a64                        _eeprom_driver_api_list_start = .
 *(SORT_BY_NAME(SORT_BY_ALIGNMENT(._eeprom_driver_api.static.*)))
                0x00007a64                        _eeprom_driver_api_list_end = .

emul_bbram_driver_api_area
                0x00007a64        0x0
                0x00007a64                        _emul_bbram_driver_api_list_start = .
 *(SORT_BY_NAME(SORT_BY_ALIGNMENT(._emul_bbram_driver_api.static.*)))
                0x00007a64                        _emul_bbram_driver_api_list_end = .

fuel_gauge_emul_driver_api_area
                0x00007a64        0x0
                0x00007a64                        _fuel_gauge_emul_driver_api_list_start = .
 *(SORT_BY_NAME(SORT_BY_ALIGNMENT(._fuel_gauge_emul_driver_api.static.*)))
                0x00007a64                        _fuel_gauge_emul_driver_api_list_end = .

emul_sensor_driver_api_area
                0x00007a64        0x0
                0x00007a64                        _emul_sensor_driver_api_list_start = .
 *(SORT_BY_NAME(SORT_BY_ALIGNMENT(._emul_sensor_driver_api.static.*)))
                0x00007a64                        _emul_sensor_driver_api_list_end = .

entropy_driver_api_area
                0x00007a64        0x0
                0x00007a64                        _entropy_driver_api_list_start = .
 *(SORT_BY_NAME(SORT_BY_ALIGNMENT(._entropy_driver_api.static.*)))
                0x00007a64                        _entropy_driver_api_list_end = .

espi_driver_api_area
                0x00007a64        0x0
                0x00007a64                        _espi_driver_api_list_start = .
 *(SORT_BY_NAME(SORT_BY_ALIGNMENT(._espi_driver_api.static.*)))
                0x00007a64                        _espi_driver_api_list_end = .

espi_saf_driver_api_area
                0x00007a64        0x0
                0x00007a64                        _espi_saf_driver_api_list_start = .
 *(SORT_BY_NAME(SORT_BY_ALIGNMENT(._espi_saf_driver_api.static.*)))
                0x00007a64                        _espi_saf_driver_api_list_end = .

flash_driver_api_area
                0x00007a64        0x0
                0x00007a64                        _flash_driver_api_list_start = .
 *(SORT_BY_NAME(SORT_BY_ALIGNMENT(._flash_driver_api.static.*)))
                0x00007a64                        _flash_driver_api_list_end = .

fpga_driver_api_area
                0x00007a64        0x0
                0x00007a64                        _fpga_driver_api_list_start = .
 *(SORT_BY_NAME(SORT_BY_ALIGNMENT(._fpga_driver_api.static.*)))
                0x00007a64                        _fpga_driver_api_list_end = .

fuel_gauge_driver_api_area
                0x00007a64        0x0
                0x00007a64                        _fuel_gauge_driver_api_list_start = .
 *(SORT_BY_NAME(SORT_BY_ALIGNMENT(._fuel_gauge_driver_api.static.*)))
                0x00007a64                        _fuel_gauge_driver_api_list_end = .

gnss_driver_api_area
                0x00007a64        0x0
                0x00007a64                        _gnss_driver_api_list_start = .
 *(SORT_BY_NAME(SORT_BY_ALIGNMENT(._gnss_driver_api.static.*)))
                0x00007a64                        _gnss_driver_api_list_end = .

haptics_driver_api_area
                0x00007a64        0x0
                0x00007a64                        _haptics_driver_api_list_start = .
 *(SORT_BY_NAME(SORT_BY_ALIGNMENT(._haptics_driver_api.static.*)))
                0x00007a64                        _haptics_driver_api_list_end = .

hwspinlock_driver_api_area
                0x00007a64        0x0
                0x00007a64                        _hwspinlock_driver_api_list_start = .
 *(SORT_BY_NAME(SORT_BY_ALIGNMENT(._hwspinlock_driver_api.static.*)))
                0x00007a64                        _hwspinlock_driver_api_list_end = .

i2c_driver_api_area
                0x00007a64        0x0
                0x00007a64                        _i2c_driver_api_list_start = .
 *(SORT_BY_NAME(SORT_BY_ALIGNMENT(._i2c_driver_api.static.*)))
                0x00007a64                        _i2c_driver_api_list_end = .

i2c_target_driver_api_area
                0x00007a64        0x0
                0x00007a64                        _i2c_target_driver_api_list_start = .
 *(SORT_BY_NAME(SORT_BY_ALIGNMENT(._i2c_target_driver_api.static.*)))
                0x00007a64                        _i2c_target_driver_api_list_end = .

i2s_driver_api_area
                0x00007a64        0x0
                0x00007a64                        _i2s_driver_api_list_start = .
 *(SORT_BY_NAME(SORT_BY_ALIGNMENT(._i2s_driver_api.static.*)))
                0x00007a64                        _i2s_driver_api_list_end = .

i3c_driver_api_area
                0x00007a64        0x0
                0x00007a64                        _i3c_driver_api_list_start = .
 *(SORT_BY_NAME(SORT_BY_ALIGNMENT(._i3c_driver_api.static.*)))
                0x00007a64                        _i3c_driver_api_list_end = .

ipm_driver_api_area
                0x00007a64        0x0
                0x00007a64                        _ipm_driver_api_list_start = .
 *(SORT_BY_NAME(SORT_BY_ALIGNMENT(._ipm_driver_api.static.*)))
                0x00007a64                        _ipm_driver_api_list_end = .

led_driver_api_area
                0x00007a64        0x0
                0x00007a64                        _led_driver_api_list_start = .
 *(SORT_BY_NAME(SORT_BY_ALIGNMENT(._led_driver_api.static.*)))
                0x00007a64                        _led_driver_api_list_end = .

led_strip_driver_api_area
                0x00007a64        0x0
                0x00007a64                        _led_strip_driver_api_list_start = .
 *(SORT_BY_NAME(SORT_BY_ALIGNMENT(._led_strip_driver_api.static.*)))
                0x00007a64                        _led_strip_driver_api_list_end = .

lora_driver_api_area
                0x00007a64        0x0
                0x00007a64                        _lora_driver_api_list_start = .
 *(SORT_BY_NAME(SORT_BY_ALIGNMENT(._lora_driver_api.static.*)))
                0x00007a64                        _lora_driver_api_list_end = .

mbox_driver_api_area
                0x00007a64        0x0
                0x00007a64                        _mbox_driver_api_list_start = .
 *(SORT_BY_NAME(SORT_BY_ALIGNMENT(._mbox_driver_api.static.*)))
                0x00007a64                        _mbox_driver_api_list_end = .

mdio_driver_api_area
                0x00007a64        0x0
                0x00007a64                        _mdio_driver_api_list_start = .
 *(SORT_BY_NAME(SORT_BY_ALIGNMENT(._mdio_driver_api.static.*)))
                0x00007a64                        _mdio_driver_api_list_end = .

mipi_dbi_driver_api_area
                0x00007a64        0x0
                0x00007a64                        _mipi_dbi_driver_api_list_start = .
 *(SORT_BY_NAME(SORT_BY_ALIGNMENT(._mipi_dbi_driver_api.static.*)))
                0x00007a64                        _mipi_dbi_driver_api_list_end = .

mipi_dsi_driver_api_area
                0x00007a64        0x0
                0x00007a64                        _mipi_dsi_driver_api_list_start = .
 *(SORT_BY_NAME(SORT_BY_ALIGNMENT(._mipi_dsi_driver_api.static.*)))
                0x00007a64                        _mipi_dsi_driver_api_list_end = .

mspi_driver_api_area
                0x00007a64        0x0
                0x00007a64                        _mspi_driver_api_list_start = .
 *(SORT_BY_NAME(SORT_BY_ALIGNMENT(._mspi_driver_api.static.*)))
                0x00007a64                        _mspi_driver_api_list_end = .

opamp_driver_api_area
                0x00007a64        0x0
                0x00007a64                        _opamp_driver_api_list_start = .
 *(SORT_BY_NAME(SORT_BY_ALIGNMENT(._opamp_driver_api.static.*)))
                0x00007a64                        _opamp_driver_api_list_end = .

otp_driver_api_area
                0x00007a64        0x0
                0x00007a64                        _otp_driver_api_list_start = .
 *(SORT_BY_NAME(SORT_BY_ALIGNMENT(._otp_driver_api.static.*)))
                0x00007a64                        _otp_driver_api_list_end = .

peci_driver_api_area
                0x00007a64        0x0
                0x00007a64                        _peci_driver_api_list_start = .
 *(SORT_BY_NAME(SORT_BY_ALIGNMENT(._peci_driver_api.static.*)))
                0x00007a64                        _peci_driver_api_list_end = .

ps2_driver_api_area
                0x00007a64        0x0
                0x00007a64                        _ps2_driver_api_list_start = .
 *(SORT_BY_NAME(SORT_BY_ALIGNMENT(._ps2_driver_api.static.*)))
                0x00007a64                        _ps2_driver_api_list_end = .

ptp_clock_driver_api_area
                0x00007a64        0x0
                0x00007a64                        _ptp_clock_driver_api_list_start = .
 *(SORT_BY_NAME(SORT_BY_ALIGNMENT(._ptp_clock_driver_api.static.*)))
                0x00007a64                        _ptp_clock_driver_api_list_end = .

pwm_driver_api_area
                0x00007a64        0x0
                0x00007a64                        _pwm_driver_api_list_start = .
 *(SORT_BY_NAME(SORT_BY_ALIGNMENT(._pwm_driver_api.static.*)))
                0x00007a64                        _pwm_driver_api_list_end = .

regulator_parent_driver_api_area
                0x00007a64        0x0
                0x00007a64                        _regulator_parent_driver_api_list_start = .
 *(SORT_BY_NAME(SORT_BY_ALIGNMENT(._regulator_parent_driver_api.static.*)))
                0x00007a64                        _regulator_parent_driver_api_list_end = .

regulator_driver_api_area
                0x00007a64        0x0
                0x00007a64                        _regulator_driver_api_list_start = .
 *(SORT_BY_NAME(SORT_BY_ALIGNMENT(._regulator_driver_api.static.*)))
                0x00007a64                        _regulator_driver_api_list_end = .

reset_driver_api_area
                0x00007a64        0x0
                0x00007a64                        _reset_driver_api_list_start = .
 *(SORT_BY_NAME(SORT_BY_ALIGNMENT(._reset_driver_api.static.*)))
                0x00007a64                        _reset_driver_api_list_end = .

retained_mem_driver_api_area
                0x00007a64        0x0
                0x00007a64                        _retained_mem_driver_api_list_start = .
 *(SORT_BY_NAME(SORT_BY_ALIGNMENT(._retained_mem_driver_api.static.*)))
                0x00007a64                        _retained_mem_driver_api_list_end = .

rtc_driver_api_area
                0x00007a64        0x0
                0x00007a64                        _rtc_driver_api_list_start = .
 *(SORT_BY_NAME(SORT_BY_ALIGNMENT(._rtc_driver_api.static.*)))
                0x00007a64                        _rtc_driver_api_list_end = .

sdhc_driver_api_area
                0x00007a64        0x0
                0x00007a64                        _sdhc_driver_api_list_start = .
 *(SORT_BY_NAME(SORT_BY_ALIGNMENT(._sdhc_driver_api.static.*)))
                0x00007a64                        _sdhc_driver_api_list_end = .

sensor_driver_api_area
                0x00007a64        0x0
                0x00007a64                        _sensor_driver_api_list_start = .
 *(SORT_BY_NAME(SORT_BY_ALIGNMENT(._sensor_driver_api.static.*)))
                0x00007a64                        _sensor_driver_api_list_end = .

smbus_driver_api_area
                0x00007a64        0x0
                0x00007a64                        _smbus_driver_api_list_start = .
 *(SORT_BY_NAME(SORT_BY_ALIGNMENT(._smbus_driver_api.static.*)))
                0x00007a64                        _smbus_driver_api_list_end = .

spi_driver_api_area
                0x00007a64        0x0
                0x00007a64                        _spi_driver_api_list_start = .
 *(SORT_BY_NAME(SORT_BY_ALIGNMENT(._spi_driver_api.static.*)))
                0x00007a64                        _spi_driver_api_list_end = .

syscon_driver_api_area
                0x00007a64        0x0
                0x00007a64                        _syscon_driver_api_list_start = .
 *(SORT_BY_NAME(SORT_BY_ALIGNMENT(._syscon_driver_api.static.*)))
                0x00007a64                        _syscon_driver_api_list_end = .

tee_driver_api_area
                0x00007a64        0x0
                0x00007a64                        _tee_driver_api_list_start = .
 *(SORT_BY_NAME(SORT_BY_ALIGNMENT(._tee_driver_api.static.*)))
                0x00007a64                        _tee_driver_api_list_end = .

uaol_driver_api_area
                0x00007a64        0x0
                0x00007a64                        _uaol_driver_api_list_start = .
 *(SORT_BY_NAME(SORT_BY_ALIGNMENT(._uaol_driver_api.static.*)))
                0x00007a64                        _uaol_driver_api_list_end = .

video_driver_api_area
                0x00007a64        0x0
                0x00007a64                        _video_driver_api_list_start = .
 *(SORT_BY_NAME(SORT_BY_ALIGNMENT(._video_driver_api.static.*)))
                0x00007a64                        _video_driver_api_list_end = .

virtio_driver_api_area
                0x00007a64        0x0
                0x00007a64                        _virtio_driver_api_list_start = .
 *(SORT_BY_NAME(SORT_BY_ALIGNMENT(._virtio_driver_api.static.*)))
                0x00007a64                        _virtio_driver_api_list_end = .

w1_driver_api_area
                0x00007a64        0x0
                0x00007a64                        _w1_driver_api_list_start = .
 *(SORT_BY_NAME(SORT_BY_ALIGNMENT(._w1_driver_api.static.*)))
                0x00007a64                        _w1_driver_api_list_end = .

wdt_driver_api_area
                0x00007a64        0x0
                0x00007a64                        _wdt_driver_api_list_start = .
 *(SORT_BY_NAME(SORT_BY_ALIGNMENT(._wdt_driver_api.static.*)))
                0x00007a64                        _wdt_driver_api_list_end = .

wuc_driver_api_area
                0x00007a64        0x0
                0x00007a64                        _wuc_driver_api_list_start = .
 *(SORT_BY_NAME(SORT_BY_ALIGNMENT(._wuc_driver_api.static.*)))
                0x00007a64                        _wuc_driver_api_list_end = .

can_transceiver_driver_api_area
                0x00007a64        0x0
                0x00007a64                        _can_transceiver_driver_api_list_start = .
 *(SORT_BY_NAME(SORT_BY_ALIGNMENT(._can_transceiver_driver_api.static.*)))
                0x00007a64                        _can_transceiver_driver_api_list_end = .

nrf_clock_control_driver_api_area